[    0.000000] Initializing cgroup subsys cpuset
[    0.000000] Initializing cgroup subsys cpu
[    0.000000] Initializing cgroup subsys cpuacct
[    0.000000] Linux version 3.14.78 (root@cyclone-ThinkCentre-E73) (gcc version 4.8.4 (Ubuntu 4.8.4-2ubuntu1~14.04.3) ) #9 SMP Wed Nov 2 12:05:12 PKT 2016
[    0.000000] Command line: BOOT_IMAGE=/boot/vmlinuz-3.14.78 root=UUID=d413dd99-8f7b-4266-810a-3a70902d37a1 ro quiet splash vt.handoff=7
[    0.000000] KERNEL supported cpus:
[    0.000000]   Intel GenuineIntel
[    0.000000]   AMD AuthenticAMD
[    0.000000]   Centaur CentaurHauls
[    0.000000] e820: BIOS-provided physical RAM map:
[    0.000000] BIOS-e820: [mem 0x0000000000000000-0x000000000009d7ff] usable
[    0.000000] BIOS-e820: [mem 0x000000000009d800-0x000000000009ffff] reserved
[    0.000000] BIOS-e820: [mem 0x00000000000e0000-0x00000000000fffff] reserved
[    0.000000] BIOS-e820: [mem 0x0000000000100000-0x00000000c9ae5fff] usable
[    0.000000] BIOS-e820: [mem 0x00000000c9ae6000-0x00000000c9aecfff] ACPI NVS
[    0.000000] BIOS-e820: [mem 0x00000000c9aed000-0x00000000ca49cfff] usable
[    0.000000] BIOS-e820: [mem 0x00000000ca49d000-0x00000000ca761fff] reserved
[    0.000000] BIOS-e820: [mem 0x00000000ca762000-0x00000000dae96fff] usable
[    0.000000] BIOS-e820: [mem 0x00000000dae97000-0x00000000daf22fff] reserved
[    0.000000] BIOS-e820: [mem 0x00000000daf23000-0x00000000daf3dfff] ACPI data
[    0.000000] BIOS-e820: [mem 0x00000000daf3e000-0x00000000db96afff] ACPI NVS
[    0.000000] BIOS-e820: [mem 0x00000000db96b000-0x00000000dbffefff] reserved
[    0.000000] BIOS-e820: [mem 0x00000000dbfff000-0x00000000dbffffff] usable
[    0.000000] BIOS-e820: [mem 0x00000000dd000000-0x00000000df1fffff] reserved
[    0.000000] BIOS-e820: [mem 0x00000000f8000000-0x00000000fbffffff] reserved
[    0.000000] BIOS-e820: [mem 0x00000000fec00000-0x00000000fec00fff] reserved
[    0.000000] BIOS-e820: [mem 0x00000000fed00000-0x00000000fed03fff] reserved
[    0.000000] BIOS-e820: [mem 0x00000000fed1c000-0x00000000fed1ffff] reserved
[    0.000000] BIOS-e820: [mem 0x00000000fee00000-0x00000000fee00fff] reserved
[    0.000000] BIOS-e820: [mem 0x00000000ff000000-0x00000000ffffffff] reserved
[    0.000000] BIOS-e820: [mem 0x0000000100000000-0x000000011fdfffff] usable
[    0.000000] NX (Execute Disable) protection: active
[    0.000000] SMBIOS 2.8 present.
[    0.000000] DMI: LENOVO 10AS0040UM/ , BIOS FCKT46AUS 12/16/2013
[    0.000000] e820: update [mem 0x00000000-0x00000fff] usable ==> reserved
[    0.000000] e820: remove [mem 0x000a0000-0x000fffff] usable
[    0.000000] No AGP bridge found
[    0.000000] e820: last_pfn = 0x11fe00 max_arch_pfn = 0x400000000
[    0.000000] MTRR default type: uncachable
[    0.000000] MTRR fixed ranges enabled:
[    0.000000]   00000-9FFFF write-back
[    0.000000]   A0000-BFFFF uncachable
[    0.000000]   C0000-CFFFF write-protect
[    0.000000]   D0000-E7FFF uncachable
[    0.000000]   E8000-FFFFF write-protect
[    0.000000] MTRR variable ranges enabled:
[    0.000000]   0 base 0000000000 mask 7F00000000 write-back
[    0.000000]   1 base 0100000000 mask 7FE0000000 write-back
[    0.000000]   2 base 00E0000000 mask 7FE0000000 uncachable
[    0.000000]   3 base 00DE000000 mask 7FFE000000 uncachable
[    0.000000]   4 base 00DD000000 mask 7FFF000000 uncachable
[    0.000000]   5 base 011FE00000 mask 7FFFE00000 uncachable
[    0.000000]   6 disabled
[    0.000000]   7 disabled
[    0.000000]   8 disabled
[    0.000000]   9 disabled
[    0.000000] x86 PAT enabled: cpu 0, old 0x7040600070406, new 0x7010600070106
[    0.000000] original variable MTRRs
[    0.000000] reg 0, base: 0GB, range: 4GB, type WB
[    0.000000] reg 1, base: 4GB, range: 512MB, type WB
[    0.000000] reg 2, base: 3584MB, range: 512MB, type UC
[    0.000000] reg 3, base: 3552MB, range: 32MB, type UC
[    0.000000] reg 4, base: 3536MB, range: 16MB, type UC
[    0.000000] reg 5, base: 4606MB, range: 2MB, type UC
[    0.000000] total RAM covered: 4046M
[    0.000000] Found optimal setting for mtrr clean up
[    0.000000]  gran_size: 64K 	chunk_size: 64M 	num_reg: 7  	lose cover RAM: 0G
[    0.000000] New variable MTRRs
[    0.000000] reg 0, base: 0GB, range: 2GB, type WB
[    0.000000] reg 1, base: 2GB, range: 1GB, type WB
[    0.000000] reg 2, base: 3GB, range: 512MB, type WB
[    0.000000] reg 3, base: 3536MB, range: 16MB, type UC
[    0.000000] reg 4, base: 3552MB, range: 32MB, type UC
[    0.000000] reg 5, base: 4GB, range: 512MB, type WB
[    0.000000] reg 6, base: 4606MB, range: 2MB, type UC
[    0.000000] e820: update [mem 0xdd000000-0xffffffff] usable ==> reserved
[    0.000000] e820: last_pfn = 0xdc000 max_arch_pfn = 0x400000000
[    0.000000] found SMP MP-table at [mem 0x000fccf0-0x000fccff] mapped at [ffff8800000fccf0]
[    0.000000] Scanning 1 areas for low memory corruption
[    0.000000] Base memory trampoline at [ffff880000097000] 97000 size 24576
[    0.000000] Using GB pages for direct mapping
[    0.000000] init_memory_mapping: [mem 0x00000000-0x000fffff]
[    0.000000]  [mem 0x00000000-0x000fffff] page 4k
[    0.000000] BRK [0x01fc0000, 0x01fc0fff] PGTABLE
[    0.000000] BRK [0x01fc1000, 0x01fc1fff] PGTABLE
[    0.000000] BRK [0x01fc2000, 0x01fc2fff] PGTABLE
[    0.000000] init_memory_mapping: [mem 0x11fc00000-0x11fdfffff]
[    0.000000]  [mem 0x11fc00000-0x11fdfffff] page 2M
[    0.000000] BRK [0x01fc3000, 0x01fc3fff] PGTABLE
[    0.000000] init_memory_mapping: [mem 0x11c000000-0x11fbfffff]
[    0.000000]  [mem 0x11c000000-0x11fbfffff] page 2M
[    0.000000] init_memory_mapping: [mem 0x100000000-0x11bffffff]
[    0.000000]  [mem 0x100000000-0x11bffffff] page 2M
[    0.000000] init_memory_mapping: [mem 0x00100000-0xc9ae5fff]
[    0.000000]  [mem 0x00100000-0x001fffff] page 4k
[    0.000000]  [mem 0x00200000-0x3fffffff] page 2M
[    0.000000]  [mem 0x40000000-0xbfffffff] page 1G
[    0.000000]  [mem 0xc0000000-0xc99fffff] page 2M
[    0.000000]  [mem 0xc9a00000-0xc9ae5fff] page 4k
[    0.000000] init_memory_mapping: [mem 0xc9aed000-0xca49cfff]
[    0.000000]  [mem 0xc9aed000-0xc9bfffff] page 4k
[    0.000000]  [mem 0xc9c00000-0xca3fffff] page 2M
[    0.000000]  [mem 0xca400000-0xca49cfff] page 4k
[    0.000000] BRK [0x01fc4000, 0x01fc4fff] PGTABLE
[    0.000000] init_memory_mapping: [mem 0xca762000-0xdae96fff]
[    0.000000]  [mem 0xca762000-0xca7fffff] page 4k
[    0.000000]  [mem 0xca800000-0xdadfffff] page 2M
[    0.000000]  [mem 0xdae00000-0xdae96fff] page 4k
[    0.000000] BRK [0x01fc5000, 0x01fc5fff] PGTABLE
[    0.000000] init_memory_mapping: [mem 0xdbfff000-0xdbffffff]
[    0.000000]  [mem 0xdbfff000-0xdbffffff] page 4k
[    0.000000] RAMDISK: [mem 0x26d1c000-0x2f685fff]
[    0.000000] ACPI: RSDP 0x00000000000F0450 000024 (v02 LENOVO)
[    0.000000] ACPI: XSDT 0x00000000DAF28080 00007C (v01 LENOVO TC-FC    000012E0 AMI  00010013)
[    0.000000] ACPI: FACP 0x00000000DAF388C8 00010C (v05 LENOVO TC-FC    000012E0 AMI  00010013)
[    0.000000] ACPI: DSDT 0x00000000DAF28188 010739 (v02 LENOVO TC-FC    000012E0 INTL 20120711)
[    0.000000] ACPI: FACS 0x00000000DB969080 000040
[    0.000000] ACPI: APIC 0x00000000DAF389D8 000072 (v03 LENOVO TC-FC    000012E0 AMI  00010013)
[    0.000000] ACPI: FPDT 0x00000000DAF38A50 000044 (v01 LENOVO TC-FC    000012E0 AMI  00010013)
[    0.000000] ACPI: LPIT 0x00000000DAF38A98 00005C (v01 LENOVO TC-FC    000012E0 AMI. 00000005)
[    0.000000] ACPI: SSDT 0x00000000DAF38AF8 000539 (v01 LENOVO TC-FC    000012E0 INTL 20120711)
[    0.000000] ACPI: SSDT 0x00000000DAF39038 000AD8 (v01 LENOVO TC-FC    000012E0 INTL 20120711)
[    0.000000] ACPI: MCFG 0x00000000DAF39B10 00003C (v01 LENOVO TC-FC    000012E0 MSFT 00000097)
[    0.000000] ACPI: HPET 0x00000000DAF39B50 000038 (v01 LENOVO TC-FC    000012E0 AMI. 00000005)
[    0.000000] ACPI: SSDT 0x00000000DAF39B88 00036D (v01 LENOVO TC-FC    000012E0 INTL 20120711)
[    0.000000] ACPI: SSDT 0x00000000DAF39EF8 0034E1 (v01 LENOVO TC-FC    000012E0 INTL 20091112)
[    0.000000] ACPI: BGRT 0x00000000DAF3D3E0 000038 (v00 LENOVO TC-FC    000012E0 AMI  00010013)
[    0.000000] ACPI: Local APIC address 0xfee00000
[    0.000000] No NUMA configuration found
[    0.000000] Faking a node at [mem 0x0000000000000000-0x000000011fdfffff]
[    0.000000] Initmem setup node 0 [mem 0x00000000-0x11fdfffff]
[    0.000000]   NODE_DATA [mem 0x11fdf7000-0x11fdfbfff]
[    0.000000]  [ffffea0000000000-ffffea00047fffff] PMD -> [ffff88011b400000-ffff88011f3fffff] on node 0
[    0.000000] Zone ranges:
[    0.000000]   DMA      [mem 0x00001000-0x00ffffff]
[    0.000000]   DMA32    [mem 0x01000000-0xffffffff]
[    0.000000]   Normal   [mem 0x100000000-0x11fdfffff]
[    0.000000] Movable zone start for each node
[    0.000000] Early memory node ranges
[    0.000000]   node   0: [mem 0x00001000-0x0009cfff]
[    0.000000]   node   0: [mem 0x00100000-0xc9ae5fff]
[    0.000000]   node   0: [mem 0xc9aed000-0xca49cfff]
[    0.000000]   node   0: [mem 0xca762000-0xdae96fff]
[    0.000000]   node   0: [mem 0xdbfff000-0xdbffffff]
[    0.000000]   node   0: [mem 0x100000000-0x11fdfffff]
[    0.000000] On node 0 totalpages: 1026408
[    0.000000]   DMA zone: 64 pages used for memmap
[    0.000000]   DMA zone: 21 pages reserved
[    0.000000]   DMA zone: 3996 pages, LIFO batch:0
[    0.000000]   DMA32 zone: 13936 pages used for memmap
[    0.000000]   DMA32 zone: 891852 pages, LIFO batch:31
[    0.000000]   Normal zone: 2040 pages used for memmap
[    0.000000]   Normal zone: 130560 pages, LIFO batch:31
[    0.000000] ACPI: PM-Timer IO Port: 0x1808
[    0.000000] ACPI: Local APIC address 0xfee00000
[    0.000000] ACPI: LAPIC (acpi_id[0x01] lapic_id[0x00] enabled)
[    0.000000] ACPI: LAPIC (acpi_id[0x02] lapic_id[0x02] enabled)
[    0.000000] ACPI: LAPIC (acpi_id[0x03] lapic_id[0x01] enabled)
[    0.000000] ACPI: LAPIC (acpi_id[0x04] lapic_id[0x03] enabled)
[    0.000000] ACPI: LAPIC_NMI (acpi_id[0xff] high edge lint[0x1])
[    0.000000] ACPI: IOAPIC (id[0x08] address[0xfec00000] gsi_base[0])
[    0.000000] IOAPIC[0]: apic_id 8, version 32, address 0xfec00000, GSI 0-23
[    0.000000] ACPI: INT_SRC_OVR (bus 0 bus_irq 0 global_irq 2 dfl dfl)
[    0.000000] ACPI: INT_SRC_OVR (bus 0 bus_irq 9 global_irq 9 high level)
[    0.000000] ACPI: IRQ0 used by override.
[    0.000000] ACPI: IRQ2 used by override.
[    0.000000] ACPI: IRQ9 used by override.
[    0.000000] Using ACPI (MADT) for SMP configuration information
[    0.000000] ACPI: HPET id: 0x8086a701 base: 0xfed00000
[    0.000000] smpboot: Allowing 4 CPUs, 0 hotplug CPUs
[    0.000000] nr_irqs_gsi: 40
[    0.000000] PM: Registered nosave memory: [mem 0x0009d000-0x0009dfff]
[    0.000000] PM: Registered nosave memory: [mem 0x0009e000-0x0009ffff]
[    0.000000] PM: Registered nosave memory: [mem 0x000a0000-0x000dffff]
[    0.000000] PM: Registered nosave memory: [mem 0x000e0000-0x000fffff]
[    0.000000] PM: Registered nosave memory: [mem 0xc9ae6000-0xc9aecfff]
[    0.000000] PM: Registered nosave memory: [mem 0xca49d000-0xca761fff]
[    0.000000] PM: Registered nosave memory: [mem 0xdae97000-0xdaf22fff]
[    0.000000] PM: Registered nosave memory: [mem 0xdaf23000-0xdaf3dfff]
[    0.000000] PM: Registered nosave memory: [mem 0xdaf3e000-0xdb96afff]
[    0.000000] PM: Registered nosave memory: [mem 0xdb96b000-0xdbffefff]
[    0.000000] PM: Registered nosave memory: [mem 0xdc000000-0xdcffffff]
[    0.000000] PM: Registered nosave memory: [mem 0xdd000000-0xdf1fffff]
[    0.000000] PM: Registered nosave memory: [mem 0xdf200000-0xf7ffffff]
[    0.000000] PM: Registered nosave memory: [mem 0xf8000000-0xfbffffff]
[    0.000000] PM: Registered nosave memory: [mem 0xfc000000-0xfebfffff]
[    0.000000] PM: Registered nosave memory: [mem 0xfec00000-0xfec00fff]
[    0.000000] PM: Registered nosave memory: [mem 0xfec01000-0xfecfffff]
[    0.000000] PM: Registered nosave memory: [mem 0xfed00000-0xfed03fff]
[    0.000000] PM: Registered nosave memory: [mem 0xfed04000-0xfed1bfff]
[    0.000000] PM: Registered nosave memory: [mem 0xfed1c000-0xfed1ffff]
[    0.000000] PM: Registered nosave memory: [mem 0xfed20000-0xfedfffff]
[    0.000000] PM: Registered nosave memory: [mem 0xfee00000-0xfee00fff]
[    0.000000] PM: Registered nosave memory: [mem 0xfee01000-0xfeffffff]
[    0.000000] PM: Registered nosave memory: [mem 0xff000000-0xffffffff]
[    0.000000] e820: [mem 0xdf200000-0xf7ffffff] available for PCI devices
[    0.000000] Booting paravirtualized kernel on bare hardware
[    0.000000] setup_percpu: NR_CPUS:256 nr_cpumask_bits:256 nr_cpu_ids:4 nr_node_ids:1
[    0.000000] PERCPU: Embedded 27 pages/cpu @ffff88011fa00000 s81216 r8192 d21184 u524288
[    0.000000] pcpu-alloc: s81216 r8192 d21184 u524288 alloc=1*2097152
[    0.000000] pcpu-alloc: [0] 0 1 2 3 
[    0.000000] Built 1 zonelists in Node order, mobility grouping on.  Total pages: 1010347
[    0.000000] Policy zone: Normal
[    0.000000] Kernel command line: BOOT_IMAGE=/boot/vmlinuz-3.14.78 root=UUID=d413dd99-8f7b-4266-810a-3a70902d37a1 ro quiet splash vt.handoff=7
[    0.000000] PID hash table entries: 4096 (order: 3, 32768 bytes)
[    0.000000] xsave: enabled xstate_bv 0x7, cntxt size 0x340
[    0.000000] Checking aperture...
[    0.000000] No AGP bridge found
[    0.000000] Calgary: detecting Calgary via BIOS EBDA area
[    0.000000] Calgary: Unable to locate Rio Grande table in EBDA - bailing!
[    0.000000] Memory: 3816376K/4105632K available (7316K kernel code, 1064K rwdata, 3476K rodata, 1324K init, 1408K bss, 289256K reserved)
[    0.000000] SLUB: HWalign=64, Order=0-3, MinObjects=0, CPUs=4, Nodes=1
[    0.000000] Hierarchical RCU implementation.
[    0.000000] 	RCU restricting CPUs from NR_CPUS=256 to nr_cpu_ids=4.
[    0.000000] 	Offload RCU callbacks from all CPUs
[    0.000000] 	Offload RCU callbacks from CPUs: 0-3.
[    0.000000] RCU: Adjusting geometry for rcu_fanout_leaf=16, nr_cpu_ids=4
[    0.000000] NR_IRQS:16640 nr_irqs:712 16
[    0.000000] spurious 8259A interrupt: IRQ7.
[    0.000000] Console: colour dummy device 80x25
[    0.000000] console [tty0] enabled
[    0.000000] hpet clockevent registered
[    0.000000] tsc: Fast TSC calibration using PIT
[    0.000000] tsc: Detected 3392.039 MHz processor
[    0.000020] Calibrating delay loop (skipped), value calculated using timer frequency.. 6784.07 BogoMIPS (lpj=13568156)
[    0.000022] pid_max: default: 32768 minimum: 301
[    0.000026] ACPI: Core revision 20131218
[    0.005788] ACPI: All ACPI Tables successfully acquired
[    0.005804] Security Framework initialized
[    0.005815] AppArmor: AppArmor initialized
[    0.005816] Yama: becoming mindful.
[    0.006002] Dentry cache hash table entries: 524288 (order: 10, 4194304 bytes)
[    0.006893] Inode-cache hash table entries: 262144 (order: 9, 2097152 bytes)
[    0.007304] Mount-cache hash table entries: 8192 (order: 4, 65536 bytes)
[    0.007308] Mountpoint-cache hash table entries: 8192 (order: 4, 65536 bytes)
[    0.007454] Initializing cgroup subsys devices
[    0.007456] Initializing cgroup subsys freezer
[    0.007457] Initializing cgroup subsys net_cls
[    0.007458] Initializing cgroup subsys blkio
[    0.007459] Initializing cgroup subsys perf_event
[    0.007477] CPU: Physical Processor ID: 0
[    0.007478] CPU: Processor Core ID: 0
[    0.007481] ENERGY_PERF_BIAS: Set to 'normal', was 'performance'
[    0.007481] ENERGY_PERF_BIAS: View and update with x86_energy_perf_policy(8)
[    0.008224] mce: CPU supports 7 MCE banks
[    0.008233] CPU0: Thermal monitoring enabled (TM1)
[    0.008238] process: using mwait in idle threads
[    0.008241] Last level iTLB entries: 4KB 1024, 2MB 1024, 4MB 1024
[    0.008241] Last level dTLB entries: 4KB 1024, 2MB 1024, 4MB 1024, 1GB 4
[    0.008241] tlb_flushall_shift: 6
[    0.008318] Freeing SMP alternatives memory: 28K (ffffffff81e57000 - ffffffff81e5e000)
[    0.009280] ftrace: allocating 28014 entries in 110 pages
[    0.017673] ..TIMER: vector=0x30 apic1=0 pin1=2 apic2=0 pin2=0
[    0.057373] smpboot: CPU0: Intel(R) Core(TM) i3-4130 CPU @ 3.40GHz (fam: 06, model: 3c, stepping: 03)
[    0.057380] TSC deadline timer enabled
[    0.057388] Performance Events: PEBS fmt2+, 16-deep LBR, Haswell events, full-width counters, Intel PMU driver.
[    0.057402] ... version:                3
[    0.057402] ... bit width:              48
[    0.057403] ... generic registers:      4
[    0.057403] ... value mask:             0000ffffffffffff
[    0.057404] ... max period:             0000ffffffffffff
[    0.057405] ... fixed-purpose events:   3
[    0.057405] ... event mask:             000000070000000f
[    0.058432] x86: Booting SMP configuration:
[    0.058433] .... node  #0, CPUs:      #1
[    0.072303] NMI watchdog: enabled on all CPUs, permanently consumes one hw-PMU counter.
[    0.072349]  #2 #3
[    0.100092] x86: Booted up 1 node, 4 CPUs
[    0.100094] smpboot: Total of 4 processors activated (27136.31 BogoMIPS)
[    0.102748] devtmpfs: initialized
[    0.103894] EVM: security.selinux
[    0.103894] EVM: security.SMACK64
[    0.103895] EVM: security.ima
[    0.103896] EVM: security.capability
[    0.103920] PM: Registering ACPI NVS region [mem 0xc9ae6000-0xc9aecfff] (28672 bytes)
[    0.103922] PM: Registering ACPI NVS region [mem 0xdaf3e000-0xdb96afff] (10670080 bytes)
[    0.104463] pinctrl core: initialized pinctrl subsystem
[    0.104495] regulator-dummy: no parameters
[    0.104521] RTC time:  7:17:53, date: 11/02/16
[    0.104540] NET: Registered protocol family 16
[    0.104600] cpuidle: using governor ladder
[    0.104601] cpuidle: using governor menu
[    0.104626] ACPI: bus type PCI registered
[    0.104627] acpiphp: ACPI Hot Plug PCI Controller Driver version: 0.5
[    0.104660] PCI: MMCONFIG for domain 0000 [bus 00-3f] at [mem 0xf8000000-0xfbffffff] (base 0xf8000000)
[    0.104661] PCI: MMCONFIG at [mem 0xf8000000-0xfbffffff] reserved in E820
[    0.104714] PCI: Using configuration type 1 for base access
[    0.105319] bio: create slab <bio-0> at 0
[    0.105394] ACPI: Added _OSI(Module Device)
[    0.105395] ACPI: Added _OSI(Processor Device)
[    0.105395] ACPI: Added _OSI(3.0 _SCP Extensions)
[    0.105396] ACPI: Added _OSI(Processor Aggregator Device)
[    0.107918] ACPI: Executed 1 blocks of module-level executable AML code
[    0.110032] [Firmware Bug]: ACPI: BIOS _OSI(Linux) query ignored
[    0.112164] ACPI: SSDT 0x00000000DAF18C18 0003D3 (v01 PmRef  Cpu0Cst  00003001 INTL 20120711)
[    0.112456] ACPI: Dynamic OEM Table Load:
[    0.112457] ACPI: SSDT 0x0000000000000000 0003D3 (v01 PmRef  Cpu0Cst  00003001 INTL 20120711)
[    0.116254] ACPI: SSDT 0x00000000DAF18618 0005AA (v01 PmRef  ApIst    00003000 INTL 20120711)
[    0.116587] ACPI: Dynamic OEM Table Load:
[    0.116588] ACPI: SSDT 0x0000000000000000 0005AA (v01 PmRef  ApIst    00003000 INTL 20120711)
[    0.122693] ACPI: SSDT 0x00000000DAF17D98 000119 (v01 PmRef  ApCst    00003000 INTL 20120711)
[    0.122982] ACPI: Dynamic OEM Table Load:
[    0.122983] ACPI: SSDT 0x0000000000000000 000119 (v01 PmRef  ApCst    00003000 INTL 20120711)
[    0.127016] ACPI: Interpreter enabled
[    0.127021] ACPI Exception: AE_NOT_FOUND, While evaluating Sleep State [\_S1_] (20131218/hwxface-580)
[    0.127024] ACPI Exception: AE_NOT_FOUND, While evaluating Sleep State [\_S2_] (20131218/hwxface-580)
[    0.127035] ACPI: (supports S0 S3 S4 S5)
[    0.127036] ACPI: Using IOAPIC for interrupt routing
[    0.127052] PCI: Using host bridge windows from ACPI; if necessary, use "pci=nocrs" and report a bug
[    0.127165] ACPI: No dock devices found.
[    0.132965] ACPI: Power Resource [FN00] (off)
[    0.133006] ACPI: Power Resource [FN01] (off)
[    0.133047] ACPI: Power Resource [FN02] (off)
[    0.133086] ACPI: Power Resource [FN03] (off)
[    0.133124] ACPI: Power Resource [FN04] (off)
[    0.133664] ACPI: PCI Root Bridge [PCI0] (domain 0000 [bus 00-3e])
[    0.133667] acpi PNP0A08:00: _OSC: OS supports [ExtendedConfig ASPM ClockPM Segments MSI]
[    0.134041] acpi PNP0A08:00: _OSC: OS now controls [PCIeHotplug PME AER PCIeCapability]
[    0.134377] PCI host bridge to bus 0000:00
[    0.134379] pci_bus 0000:00: root bus resource [bus 00-3e]
[    0.134380] pci_bus 0000:00: root bus resource [io  0x0000-0x0cf7]
[    0.134381] pci_bus 0000:00: root bus resource [io  0x0d00-0xffff]
[    0.134382] pci_bus 0000:00: root bus resource [mem 0x000a0000-0x000bffff]
[    0.134383] pci_bus 0000:00: root bus resource [mem 0x000d0000-0x000d3fff]
[    0.134384] pci_bus 0000:00: root bus resource [mem 0x000d4000-0x000d7fff]
[    0.134385] pci_bus 0000:00: root bus resource [mem 0x000d8000-0x000dbfff]
[    0.134385] pci_bus 0000:00: root bus resource [mem 0x000dc000-0x000dffff]
[    0.134386] pci_bus 0000:00: root bus resource [mem 0x000e0000-0x000e3fff]
[    0.134387] pci_bus 0000:00: root bus resource [mem 0x000e4000-0x000e7fff]
[    0.134388] pci_bus 0000:00: root bus resource [mem 0xdf200000-0xfeafffff]
[    0.134393] pci 0000:00:00.0: [8086:0c00] type 00 class 0x060000
[    0.134444] pci 0000:00:02.0: [8086:041e] type 00 class 0x030000
[    0.134452] pci 0000:00:02.0: reg 0x10: [mem 0xf7800000-0xf7bfffff 64bit]
[    0.134456] pci 0000:00:02.0: reg 0x18: [mem 0xe0000000-0xefffffff 64bit pref]
[    0.134459] pci 0000:00:02.0: reg 0x20: [io  0xf000-0xf03f]
[    0.134503] pci 0000:00:03.0: [8086:0c0c] type 00 class 0x040300
[    0.134509] pci 0000:00:03.0: reg 0x10: [mem 0xf7d14000-0xf7d17fff 64bit]
[    0.134572] pci 0000:00:14.0: [8086:8c31] type 00 class 0x0c0330
[    0.134588] pci 0000:00:14.0: reg 0x10: [mem 0xf7d00000-0xf7d0ffff 64bit]
[    0.134640] pci 0000:00:14.0: PME# supported from D3hot D3cold
[    0.134663] pci 0000:00:14.0: System wakeup disabled by ACPI
[    0.134684] pci 0000:00:16.0: [8086:8c3a] type 00 class 0x078000
[    0.134700] pci 0000:00:16.0: reg 0x10: [mem 0xf7d1e000-0xf7d1e00f 64bit]
[    0.134755] pci 0000:00:16.0: PME# supported from D0 D3hot D3cold
[    0.134805] pci 0000:00:1a.0: [8086:8c2d] type 00 class 0x0c0320
[    0.134823] pci 0000:00:1a.0: reg 0x10: [mem 0xf7d1c000-0xf7d1c3ff]
[    0.134899] pci 0000:00:1a.0: PME# supported from D0 D3hot D3cold
[    0.134933] pci 0000:00:1a.0: System wakeup disabled by ACPI
[    0.134956] pci 0000:00:1b.0: [8086:8c20] type 00 class 0x040300
[    0.134968] pci 0000:00:1b.0: reg 0x10: [mem 0xf7d10000-0xf7d13fff 64bit]
[    0.135027] pci 0000:00:1b.0: PME# supported from D0 D3hot D3cold
[    0.135052] pci 0000:00:1b.0: System wakeup disabled by ACPI
[    0.135071] pci 0000:00:1c.0: [8086:8c10] type 01 class 0x060400
[    0.135132] pci 0000:00:1c.0: PME# supported from D0 D3hot D3cold
[    0.135158] pci 0000:00:1c.0: System wakeup disabled by ACPI
[    0.135180] pci 0000:00:1c.5: [8086:8c1a] type 01 class 0x060400
[    0.135236] pci 0000:00:1c.5: PME# supported from D0 D3hot D3cold
[    0.135261] pci 0000:00:1c.5: System wakeup disabled by ACPI
[    0.135286] pci 0000:00:1d.0: [8086:8c26] type 00 class 0x0c0320
[    0.135303] pci 0000:00:1d.0: reg 0x10: [mem 0xf7d1b000-0xf7d1b3ff]
[    0.135380] pci 0000:00:1d.0: PME# supported from D0 D3hot D3cold
[    0.135412] pci 0000:00:1d.0: System wakeup disabled by ACPI
[    0.135435] pci 0000:00:1f.0: [8086:8c5c] type 00 class 0x060100
[    0.135561] pci 0000:00:1f.2: [8086:8c02] type 00 class 0x010601
[    0.135574] pci 0000:00:1f.2: reg 0x10: [io  0xf0b0-0xf0b7]
[    0.135580] pci 0000:00:1f.2: reg 0x14: [io  0xf0a0-0xf0a3]
[    0.135586] pci 0000:00:1f.2: reg 0x18: [io  0xf090-0xf097]
[    0.135593] pci 0000:00:1f.2: reg 0x1c: [io  0xf080-0xf083]
[    0.135599] pci 0000:00:1f.2: reg 0x20: [io  0xf060-0xf07f]
[    0.135605] pci 0000:00:1f.2: reg 0x24: [mem 0xf7d1a000-0xf7d1a7ff]
[    0.135637] pci 0000:00:1f.2: PME# supported from D3hot
[    0.135674] pci 0000:00:1f.3: [8086:8c22] type 00 class 0x0c0500
[    0.135686] pci 0000:00:1f.3: reg 0x10: [mem 0xf7d19000-0xf7d190ff 64bit]
[    0.135703] pci 0000:00:1f.3: reg 0x20: [io  0xf040-0xf05f]
[    0.135786] pci 0000:00:1c.0: PCI bridge to [bus 01]
[    0.135856] pci 0000:02:00.0: [10ec:8168] type 00 class 0x020000
[    0.135872] pci 0000:02:00.0: reg 0x10: [io  0xe000-0xe0ff]
[    0.135898] pci 0000:02:00.0: reg 0x18: [mem 0xf7c04000-0xf7c04fff 64bit]
[    0.135915] pci 0000:02:00.0: reg 0x20: [mem 0xf7c00000-0xf7c03fff 64bit pref]
[    0.136001] pci 0000:02:00.0: supports D1 D2
[    0.136002] pci 0000:02:00.0: PME# supported from D0 D1 D2 D3hot D3cold
[    0.136031] pci 0000:02:00.0: System wakeup disabled by ACPI
[    0.143431] pci 0000:00:1c.5: PCI bridge to [bus 02]
[    0.143434] pci 0000:00:1c.5:   bridge window [io  0xe000-0xefff]
[    0.143438] pci 0000:00:1c.5:   bridge window [mem 0xf7c00000-0xf7cfffff]
[    0.143835] ACPI: PCI Interrupt Link [LNKA] (IRQs 3 4 5 6 10 *11 12 14 15)
[    0.143865] ACPI: PCI Interrupt Link [LNKB] (IRQs 3 4 *5 6 10 11 12 14 15)
[    0.143893] ACPI: PCI Interrupt Link [LNKC] (IRQs 3 4 5 6 *10 11 12 14 15)
[    0.143920] ACPI: PCI Interrupt Link [LNKD] (IRQs 3 4 5 6 *10 11 12 14 15)
[    0.143948] ACPI: PCI Interrupt Link [LNKE] (IRQs 3 4 5 6 10 11 12 14 15) *0, disabled.
[    0.143975] ACPI: PCI Interrupt Link [LNKF] (IRQs 3 4 5 6 10 11 12 14 15) *0, disabled.
[    0.144003] ACPI: PCI Interrupt Link [LNKG] (IRQs 3 *4 5 6 10 11 12 14 15)
[    0.144030] ACPI: PCI Interrupt Link [LNKH] (IRQs 3 4 5 6 10 *11 12 14 15)
[    0.144132] ACPI: Enabled 6 GPEs in block 00 to 3F
[    0.144185] vgaarb: device added: PCI:0000:00:02.0,decodes=io+mem,owns=io+mem,locks=none
[    0.144187] vgaarb: loaded
[    0.144187] vgaarb: bridge control possible 0000:00:02.0
[    0.144280] SCSI subsystem initialized
[    0.144306] libata version 3.00 loaded.
[    0.144318] ACPI: bus type USB registered
[    0.144329] usbcore: registered new interface driver usbfs
[    0.144334] usbcore: registered new interface driver hub
[    0.144344] usbcore: registered new device driver usb
[    0.144404] PCI: Using ACPI for IRQ routing
[    0.145619] PCI: pci_cache_line_size set to 64 bytes
[    0.145647] e820: reserve RAM buffer [mem 0x0009d800-0x0009ffff]
[    0.145648] e820: reserve RAM buffer [mem 0xc9ae6000-0xcbffffff]
[    0.145649] e820: reserve RAM buffer [mem 0xca49d000-0xcbffffff]
[    0.145650] e820: reserve RAM buffer [mem 0xdae97000-0xdbffffff]
[    0.145651] e820: reserve RAM buffer [mem 0x11fe00000-0x11fffffff]
[    0.145703] NetLabel: Initializing
[    0.145704] NetLabel:  domain hash size = 128
[    0.145704] NetLabel:  protocols = UNLABELED CIPSOv4
[    0.145712] NetLabel:  unlabeled traffic allowed by default
[    0.145742] hpet0: at MMIO 0xfed00000, IRQs 2, 8, 0, 0, 0, 0, 0, 0
[    0.145745] hpet0: 8 comparators, 64-bit 14.318180 MHz counter
[    0.147755] amd_nb: Cannot enumerate AMD northbridges
[    0.147764] Switched to clocksource hpet
[    0.151338] AppArmor: AppArmor Filesystem Enabled
[    0.151358] pnp: PnP ACPI init
[    0.151365] ACPI: bus type PNP registered
[    0.151438] system 00:00: [mem 0xfed40000-0xfed44fff] has been reserved
[    0.151440] system 00:00: Plug and Play ACPI device, IDs PNP0c01 (active)
[    0.151449] pnp 00:01: [dma 4]
[    0.151455] pnp 00:01: Plug and Play ACPI device, IDs PNP0200 (active)
[    0.151465] pnp 00:02: Plug and Play ACPI device, IDs INT0800 (active)
[    0.151523] pnp 00:03: Plug and Play ACPI device, IDs PNP0103 (active)
[    0.151553] pnp 00:04: Plug and Play ACPI device, IDs PNP0c04 (active)
[    0.151614] system 00:05: [io  0x0680-0x069f] has been reserved
[    0.151616] system 00:05: [io  0xffff] has been reserved
[    0.151616] system 00:05: [io  0xffff] has been reserved
[    0.151617] system 00:05: [io  0xffff] has been reserved
[    0.151618] system 00:05: [io  0x1c00-0x1cfe] has been reserved
[    0.151619] system 00:05: [io  0x1d00-0x1dfe] has been reserved
[    0.151620] system 00:05: [io  0x1e00-0x1efe] has been reserved
[    0.151621] system 00:05: [io  0x1f00-0x1ffe] has been reserved
[    0.151622] system 00:05: [io  0x1800-0x18fe] could not be reserved
[    0.151623] system 00:05: [io  0x164e-0x164f] has been reserved
[    0.151625] system 00:05: Plug and Play ACPI device, IDs PNP0c02 (active)
[    0.151637] pnp 00:06: Plug and Play ACPI device, IDs PNP0b00 (active)
[    0.151659] system 00:07: [io  0x1854-0x1857] has been reserved
[    0.151660] system 00:07: Plug and Play ACPI device, IDs INT3f0d PNP0c02 (active)
[    0.151727] system 00:08: [io  0x0a00-0x0a1f] has been reserved
[    0.151728] system 00:08: [io  0x0a30-0x0a3f] has been reserved
[    0.151729] system 00:08: [io  0x0a20-0x0a2f] has been reserved
[    0.151730] system 00:08: Plug and Play ACPI device, IDs PNP0c02 (active)
[    0.151881] pnp 00:09: [dma 0 disabled]
[    0.151905] pnp 00:09: Plug and Play ACPI device, IDs PNP0501 (active)
[    0.152133] pnp 00:0a: [dma 3]
[    0.152208] pnp 00:0a: Plug and Play ACPI device, IDs PNP0401 (active)
[    0.152231] system 00:0b: [io  0x04d0-0x04d1] has been reserved
[    0.152232] system 00:0b: Plug and Play ACPI device, IDs PNP0c02 (active)
[    0.152489] system 00:0c: [mem 0xfed1c000-0xfed1ffff] has been reserved
[    0.152490] system 00:0c: [mem 0xfed10000-0xfed17fff] has been reserved
[    0.152491] system 00:0c: [mem 0xfed18000-0xfed18fff] has been reserved
[    0.152492] system 00:0c: [mem 0xfed19000-0xfed19fff] has been reserved
[    0.152493] system 00:0c: [mem 0xf8000000-0xfbffffff] has been reserved
[    0.152494] system 00:0c: [mem 0xfed20000-0xfed3ffff] has been reserved
[    0.152495] system 00:0c: [mem 0xfed90000-0xfed93fff] has been reserved
[    0.152496] system 00:0c: [mem 0xfed45000-0xfed8ffff] has been reserved
[    0.152497] system 00:0c: [mem 0xff000000-0xffffffff] has been reserved
[    0.152499] system 00:0c: [mem 0xfee00000-0xfeefffff] could not be reserved
[    0.152500] system 00:0c: [mem 0xf7fdf000-0xf7fdffff] has been reserved
[    0.152501] system 00:0c: [mem 0xf7fe0000-0xf7feffff] has been reserved
[    0.152503] system 00:0c: Plug and Play ACPI device, IDs PNP0c02 (active)
[    0.152638] pnp: PnP ACPI: found 13 devices
[    0.152638] ACPI: bus type PNP unregistered
[    0.158121] pci 0000:00:1c.0: bridge window [io  0x1000-0x0fff] to [bus 01] add_size 1000
[    0.158123] pci 0000:00:1c.0: bridge window [mem 0x00100000-0x000fffff 64bit pref] to [bus 01] add_size 200000
[    0.158124] pci 0000:00:1c.0: bridge window [mem 0x00100000-0x000fffff] to [bus 01] add_size 200000
[    0.158133] pci 0000:00:1c.0: res[14]=[mem 0x00100000-0x000fffff] get_res_add_size add_size 200000
[    0.158134] pci 0000:00:1c.0: res[15]=[mem 0x00100000-0x000fffff 64bit pref] get_res_add_size add_size 200000
[    0.158135] pci 0000:00:1c.0: res[13]=[io  0x1000-0x0fff] get_res_add_size add_size 1000
[    0.158139] pci 0000:00:1c.0: BAR 14: assigned [mem 0xdf200000-0xdf3fffff]
[    0.158143] pci 0000:00:1c.0: BAR 15: assigned [mem 0xdf400000-0xdf5fffff 64bit pref]
[    0.158145] pci 0000:00:1c.0: BAR 13: assigned [io  0x2000-0x2fff]
[    0.158146] pci 0000:00:1c.0: PCI bridge to [bus 01]
[    0.158149] pci 0000:00:1c.0:   bridge window [io  0x2000-0x2fff]
[    0.158154] pci 0000:00:1c.0:   bridge window [mem 0xdf200000-0xdf3fffff]
[    0.158157] pci 0000:00:1c.0:   bridge window [mem 0xdf400000-0xdf5fffff 64bit pref]
[    0.158162] pci 0000:00:1c.5: PCI bridge to [bus 02]
[    0.158164] pci 0000:00:1c.5:   bridge window [io  0xe000-0xefff]
[    0.158168] pci 0000:00:1c.5:   bridge window [mem 0xf7c00000-0xf7cfffff]
[    0.158175] pci_bus 0000:00: resource 4 [io  0x0000-0x0cf7]
[    0.158176] pci_bus 0000:00: resource 5 [io  0x0d00-0xffff]
[    0.158176] pci_bus 0000:00: resource 6 [mem 0x000a0000-0x000bffff]
[    0.158177] pci_bus 0000:00: resource 7 [mem 0x000d0000-0x000d3fff]
[    0.158178] pci_bus 0000:00: resource 8 [mem 0x000d4000-0x000d7fff]
[    0.158179] pci_bus 0000:00: resource 9 [mem 0x000d8000-0x000dbfff]
[    0.158180] pci_bus 0000:00: resource 10 [mem 0x000dc000-0x000dffff]
[    0.158181] pci_bus 0000:00: resource 11 [mem 0x000e0000-0x000e3fff]
[    0.158182] pci_bus 0000:00: resource 12 [mem 0x000e4000-0x000e7fff]
[    0.158183] pci_bus 0000:00: resource 13 [mem 0xdf200000-0xfeafffff]
[    0.158184] pci_bus 0000:01: resource 0 [io  0x2000-0x2fff]
[    0.158185] pci_bus 0000:01: resource 1 [mem 0xdf200000-0xdf3fffff]
[    0.158186] pci_bus 0000:01: resource 2 [mem 0xdf400000-0xdf5fffff 64bit pref]
[    0.158187] pci_bus 0000:02: resource 0 [io  0xe000-0xefff]
[    0.158188] pci_bus 0000:02: resource 1 [mem 0xf7c00000-0xf7cfffff]
[    0.158208] NET: Registered protocol family 2
[    0.158339] TCP established hash table entries: 32768 (order: 6, 262144 bytes)
[    0.158405] TCP bind hash table entries: 32768 (order: 7, 524288 bytes)
[    0.158499] TCP: Hash tables configured (established 32768 bind 32768)
[    0.158514] TCP: reno registered
[    0.158518] UDP hash table entries: 2048 (order: 4, 65536 bytes)
[    0.158533] UDP-Lite hash table entries: 2048 (order: 4, 65536 bytes)
[    0.158569] NET: Registered protocol family 1
[    0.158576] pci 0000:00:02.0: Boot video device
[    0.195850] PCI: CLS 64 bytes, default 64
[    0.195882] Trying to unpack rootfs image as initramfs...
[    1.677269] Freeing initrd memory: 140712K (ffff880026d1c000 - ffff88002f686000)
[    1.677274] PCI-DMA: Using software bounce buffering for IO (SWIOTLB)
[    1.677275] software IO TLB [mem 0xd6e97000-0xdae97000] (64MB) mapped at [ffff8800d6e97000-ffff8800dae96fff]
[    1.677449] microcode: CPU0 sig=0x306c3, pf=0x2, revision=0x17
[    1.677455] microcode: CPU1 sig=0x306c3, pf=0x2, revision=0x17
[    1.677461] microcode: CPU2 sig=0x306c3, pf=0x2, revision=0x17
[    1.677466] microcode: CPU3 sig=0x306c3, pf=0x2, revision=0x17
[    1.677506] microcode: Microcode Update Driver: v2.00 <tigran@aivazian.fsnet.co.uk>, Peter Oruba
[    1.677514] Scanning for low memory corruption every 60 seconds
[    1.677666] futex hash table entries: 1024 (order: 4, 65536 bytes)
[    1.677682] Initialise system trusted keyring
[    1.677709] audit: initializing netlink subsys (disabled)
[    1.677720] audit: type=2000 audit(1478071074.668:1): initialized
[    1.694502] HugeTLB registered 2 MB page size, pre-allocated 0 pages
[    1.695339] VFS: Disk quotas dquot_6.5.2
[    1.695365] Dquot-cache hash table entries: 512 (order 0, 4096 bytes)
[    1.695637] fuse init (API version 7.22)
[    1.695681] msgmni has been set to 7728
[    1.695968] Key type asymmetric registered
[    1.695970] Asymmetric key parser 'x509' registered
[    1.695989] Block layer SCSI generic (bsg) driver version 0.4 loaded (major 252)
[    1.696016] io scheduler noop registered
[    1.696017] io scheduler deadline registered (default)
[    1.696034] io scheduler cfq registered
[    1.696156] pcieport 0000:00:1c.0: irq 40 for MSI/MSI-X
[    1.696254] pcieport 0000:00:1c.5: irq 41 for MSI/MSI-X
[    1.696298] pci_hotplug: PCI Hot Plug PCI Core version: 0.5
[    1.696326] pciehp 0000:00:1c.0:pcie04: Slot #0 AttnBtn- AttnInd- PwrInd- PwrCtrl- MRL- Interlock- NoCompl+ LLActRep+
[    1.696357] pciehp 0000:00:1c.0:pcie04: service driver pciehp loaded
[    1.696360] pciehp: PCI Express Hot Plug Controller Driver version: 0.4
[    1.696383] vesafb: mode is 1280x1024x32, linelength=5120, pages=0
[    1.696384] vesafb: scrolling: redraw
[    1.696385] vesafb: Truecolor: size=8:8:8:8, shift=24:16:8:0
[    1.696398] vesafb: framebuffer at 0xe0000000, mapped to 0xffffc90004780000, using 5120k, total 5120k
[    1.772584] Console: switching to colour frame buffer device 160x64
[    1.848720] fb0: VESA VGA frame buffer device
[    1.848729] intel_idle: MWAIT substates: 0x42120
[    1.848730] intel_idle: v0.4 model 0x3C
[    1.848731] intel_idle: lapic_timer_reliable_states 0xffffffff
[    1.848869] input: Power Button as /devices/LNXSYSTM:00/device:00/PNP0C0C:00/input/input0
[    1.848872] ACPI: Power Button [PWRB]
[    1.848893] input: Power Button as /devices/LNXSYSTM:00/LNXPWRBN:00/input/input1
[    1.848894] ACPI: Power Button [PWRF]
[    1.848932] ACPI: Fan [FAN0] (off)
[    1.848944] ACPI: Fan [FAN1] (off)
[    1.848955] ACPI: Fan [FAN2] (off)
[    1.848967] ACPI: Fan [FAN3] (off)
[    1.848978] ACPI: Fan [FAN4] (off)
[    1.849198] thermal LNXTHERM:00: registered as thermal_zone0
[    1.849199] ACPI: Thermal Zone [TZ00] (28 C)
[    1.849311] thermal LNXTHERM:01: registered as thermal_zone1
[    1.849312] ACPI: Thermal Zone [TZ01] (30 C)
[    1.849332] GHES: HEST is not enabled!
[    1.849389] Serial: 8250/16550 driver, 32 ports, IRQ sharing enabled
[    1.869762] 00:09: ttyS1 at I/O 0x2f8 (irq = 3, base_baud = 115200) is a 16550A
[    1.870673] Linux agpgart interface v0.103
[    1.871442] brd: module loaded
[    1.871833] loop: module loaded
[    1.871927] libphy: Fixed MDIO Bus: probed
[    1.871928] tun: Universal TUN/TAP device driver, 1.6
[    1.871929] tun: (C) 1999-2004 Max Krasnyansky <maxk@qualcomm.com>
[    1.871956] PPP generic driver version 2.4.2
[    1.871989] ehci_hcd: USB 2.0 'Enhanced' Host Controller (EHCI) Driver
[    1.871991] ehci-pci: EHCI PCI platform driver
[    1.872058] ehci-pci 0000:00:1a.0: EHCI Host Controller
[    1.872061] ehci-pci 0000:00:1a.0: new USB bus registered, assigned bus number 1
[    1.872072] ehci-pci 0000:00:1a.0: debug port 2
[    1.875971] ehci-pci 0000:00:1a.0: cache line size of 64 is not supported
[    1.875981] ehci-pci 0000:00:1a.0: irq 17, io mem 0xf7d1c000
[    1.884500] ehci-pci 0000:00:1a.0: USB 2.0 started, EHCI 1.00
[    1.884523] usb usb1: New USB device found, idVendor=1d6b, idProduct=0002
[    1.884524] usb usb1: New USB device strings: Mfr=3, Product=2, SerialNumber=1
[    1.884525] usb usb1: Product: EHCI Host Controller
[    1.884526] usb usb1: Manufacturer: Linux 3.14.78 ehci_hcd
[    1.884526] usb usb1: SerialNumber: 0000:00:1a.0
[    1.884593] hub 1-0:1.0: USB hub found
[    1.884596] hub 1-0:1.0: 2 ports detected
[    1.884701] ehci-pci 0000:00:1d.0: EHCI Host Controller
[    1.884704] ehci-pci 0000:00:1d.0: new USB bus registered, assigned bus number 2
[    1.884714] ehci-pci 0000:00:1d.0: debug port 2
[    1.888610] ehci-pci 0000:00:1d.0: cache line size of 64 is not supported
[    1.888620] ehci-pci 0000:00:1d.0: irq 23, io mem 0xf7d1b000
[    1.900505] ehci-pci 0000:00:1d.0: USB 2.0 started, EHCI 1.00
[    1.900530] usb usb2: New USB device found, idVendor=1d6b, idProduct=0002
[    1.900531] usb usb2: New USB device strings: Mfr=3, Product=2, SerialNumber=1
[    1.900532] usb usb2: Product: EHCI Host Controller
[    1.900532] usb usb2: Manufacturer: Linux 3.14.78 ehci_hcd
[    1.900533] usb usb2: SerialNumber: 0000:00:1d.0
[    1.900593] hub 2-0:1.0: USB hub found
[    1.900595] hub 2-0:1.0: 2 ports detected
[    1.900645] ehci-platform: EHCI generic platform driver
[    1.900649] ohci_hcd: USB 1.1 'Open' Host Controller (OHCI) Driver
[    1.900651] ohci-pci: OHCI PCI platform driver
[    1.900657] ohci-platform: OHCI generic platform driver
[    1.900660] uhci_hcd: USB Universal Host Controller Interface driver
[    1.900719] xhci_hcd 0000:00:14.0: xHCI Host Controller
[    1.900722] xhci_hcd 0000:00:14.0: new USB bus registered, assigned bus number 3
[    1.900799] xhci_hcd 0000:00:14.0: cache line size of 64 is not supported
[    1.900812] xhci_hcd 0000:00:14.0: irq 42 for MSI/MSI-X
[    1.900851] usb usb3: New USB device found, idVendor=1d6b, idProduct=0002
[    1.900852] usb usb3: New USB device strings: Mfr=3, Product=2, SerialNumber=1
[    1.900853] usb usb3: Product: xHCI Host Controller
[    1.900854] usb usb3: Manufacturer: Linux 3.14.78 xhci_hcd
[    1.900855] usb usb3: SerialNumber: 0000:00:14.0
[    1.900915] hub 3-0:1.0: USB hub found
[    1.900924] hub 3-0:1.0: 10 ports detected
[    1.902343] xhci_hcd 0000:00:14.0: xHCI Host Controller
[    1.902345] xhci_hcd 0000:00:14.0: new USB bus registered, assigned bus number 4
[    1.902364] usb usb4: New USB device found, idVendor=1d6b, idProduct=0003
[    1.902365] usb usb4: New USB device strings: Mfr=3, Product=2, SerialNumber=1
[    1.902366] usb usb4: Product: xHCI Host Controller
[    1.902367] usb usb4: Manufacturer: Linux 3.14.78 xhci_hcd
[    1.902368] usb usb4: SerialNumber: 0000:00:14.0
[    1.902429] hub 4-0:1.0: USB hub found
[    1.902433] hub 4-0:1.0: 2 ports detected
[    1.902702] i8042: PNP: No PS/2 controller found. Probing ports directly.
[    1.904873] serio: i8042 KBD port at 0x60,0x64 irq 1
[    1.904876] serio: i8042 AUX port at 0x60,0x64 irq 12
[    1.904944] mousedev: PS/2 mouse device common for all mice
[    1.905029] rtc_cmos 00:06: RTC can wake from S4
[    1.905128] rtc_cmos 00:06: rtc core: registered rtc_cmos as rtc0
[    1.905151] rtc_cmos 00:06: alarms up to one month, y3k, 242 bytes nvram, hpet irqs
[    1.905156] i2c /dev entries driver
[    1.905190] device-mapper: uevent: version 1.0.3
[    1.905231] device-mapper: ioctl: 4.27.0-ioctl (2013-10-30) initialised: dm-devel@redhat.com
[    1.905235] Intel P-state driver initializing.
[    1.905243] Intel pstate controlling: cpu 0
[    1.905257] Intel pstate controlling: cpu 1
[    1.905268] Intel pstate controlling: cpu 2
[    1.905276] Intel pstate controlling: cpu 3
[    1.905291] ledtrig-cpu: registered to indicate activity on CPUs
[    1.905327] TCP: cubic registered
[    1.905381] NET: Registered protocol family 10
[    1.905509] NET: Registered protocol family 17
[    1.905515] Key type dns_resolver registered
[    1.905673] Loading compiled-in X.509 certificates
[    1.906192] Loaded X.509 cert 'Magrathea: Glacier signing key: 37ef4f21a291cc7c206d0224cd03ea66bb36efd2'
[    1.906202] registered taskstats version 1
[    1.907370] Key type trusted registered
[    1.909322] Key type encrypted registered
[    1.909324] AppArmor: AppArmor sha1 policy hashing enabled
[    1.909326] IMA: No TPM chip found, activating TPM-bypass!
[    1.909535] regulator-dummy: disabling
[    1.909591]   Magic number: 8:639:267
[    1.909674] rtc_cmos 00:06: setting system clock to 2016-11-02 07:17:55 UTC (1478071075)
[    1.909715] BIOS EDD facility v0.16 2004-Jun-25, 0 devices found
[    1.909716] EDD information not available.
[    1.909753] PM: Hibernation image not present or could not be loaded.
[    1.910279] Freeing unused kernel memory: 1324K (ffffffff81d0c000 - ffffffff81e57000)
[    1.910280] Write protecting the kernel read-only data: 12288k
[    1.910495] Freeing unused kernel memory: 864K (ffff880001728000 - ffff880001800000)
[    1.911405] Freeing unused kernel memory: 620K (ffff880001b65000 - ffff880001c00000)
[    1.918740] systemd-udevd[116]: starting version 204
[    1.938687] r8169 Gigabit Ethernet driver 2.3LK-NAPI loaded
[    1.938838] ahci 0000:00:1f.2: version 3.0
[    1.938933] ahci 0000:00:1f.2: irq 43 for MSI/MSI-X
[    1.938964] ahci 0000:00:1f.2: AHCI 0001.0300 32 slots 4 ports 6 Gbps 0x2 impl SATA mode
[    1.938966] ahci 0000:00:1f.2: flags: 64bit ncq pm led clo pio slum part ems 
[    1.939435] scsi0 : ahci
[    1.939780] scsi1 : ahci
[    1.940111] scsi2 : ahci
[    1.940432] scsi3 : ahci
[    1.940465] ata1: DUMMY
[    1.940468] ata2: SATA max UDMA/133 abar m2048@0xf7d1a000 port 0xf7d1a180 irq 43
[    1.940469] ata3: DUMMY
[    1.940470] ata4: DUMMY
[    1.944914] r8169 0000:02:00.0: irq 44 for MSI/MSI-X
[    1.945065] r8169 0000:02:00.0 eth0: RTL8168g/8111g at 0xffffc9000001a000, 44:8a:5b:4c:e5:29, XID 0c000800 IRQ 44
[    1.945066] r8169 0000:02:00.0 eth0: jumbo features [frames: 9200 bytes, tx checksumming: ko]
[    2.196700] usb 1-1: new high-speed USB device number 2 using ehci-pci
[    2.256713] ata2: SATA link up 3.0 Gbps (SStatus 123 SControl 300)
[    2.257667] ata2.00: ATA-8: ST3160318AS, HP11, max UDMA/100
[    2.257670] ata2.00: 312581808 sectors, multi 16: LBA48 NCQ (depth 31/32)
[    2.258808] ata2.00: configured for UDMA/100
[    2.258933] scsi 1:0:0:0: Direct-Access     ATA      ST3160318AS      HP11 PQ: 0 ANSI: 5
[    2.259038] sd 1:0:0:0: [sda] 312581808 512-byte logical blocks: (160 GB/149 GiB)
[    2.259051] sd 1:0:0:0: Attached scsi generic sg0 type 0
[    2.259091] sd 1:0:0:0: [sda] Write Protect is off
[    2.259093] sd 1:0:0:0: [sda] Mode Sense: 00 3a 00 00
[    2.259117] sd 1:0:0:0: [sda] Write cache: enabled, read cache: enabled, doesn't support DPO or FUA
[    2.313399]  sda: sda1 sda2 < sda5 >
[    2.313885] sd 1:0:0:0: [sda] Attached SCSI disk
[    2.329112] usb 1-1: New USB device found, idVendor=8087, idProduct=8008
[    2.329114] usb 1-1: New USB device strings: Mfr=0, Product=0, SerialNumber=0
[    2.329370] hub 1-1:1.0: USB hub found
[    2.329484] hub 1-1:1.0: 4 ports detected
[    2.440809] usb 2-1: new high-speed USB device number 2 using ehci-pci
[    2.573235] usb 2-1: New USB device found, idVendor=8087, idProduct=8000
[    2.573238] usb 2-1: New USB device strings: Mfr=0, Product=0, SerialNumber=0
[    2.573470] hub 2-1:1.0: USB hub found
[    2.573598] hub 2-1:1.0: 6 ports detected
[    2.676838] tsc: Refined TSC clocksource calibration: 3392.144 MHz
[    2.740915] usb 3-2: new low-speed USB device number 2 using xhci_hcd
[    2.874412] usb 3-2: New USB device found, idVendor=413c, idProduct=3016
[    2.874415] usb 3-2: New USB device strings: Mfr=0, Product=2, SerialNumber=0
[    2.874417] usb 3-2: Product: Dell Premium USB Optical Mouse
[    2.874561] usb 3-2: ep 0x81 - rounding interval to 64 microframes, ep desc says 80 microframes
[    2.879919] hidraw: raw HID events driver (C) Jiri Kosina
[    2.889036] usbcore: registered new interface driver usbhid
[    2.889039] usbhid: USB HID core driver
[    2.890573] input: Dell Premium USB Optical Mouse as /devices/pci0000:00/0000:00:14.0/usb3/3-2/3-2:1.0/0003:413C:3016.0001/input/input5
[    2.890650] hid-generic 0003:413C:3016.0001: input,hidraw0: USB HID v1.11 Mouse [Dell Premium USB Optical Mouse] on usb-0000:00:14.0-2/input0
[    3.041075] usb 3-3: new high-speed USB device number 3 using xhci_hcd
[    3.232967] usb 3-3: New USB device found, idVendor=0bda, idProduct=0157
[    3.232970] usb 3-3: New USB device strings: Mfr=1, Product=2, SerialNumber=3
[    3.232972] usb 3-3: Product: USB2.0-CRW
[    3.232972] usb 3-3: Manufacturer: Generic
[    3.232973] usb 3-3: SerialNumber: 20120926571200000
[    3.244332] usb-storage 3-3:1.0: USB Mass Storage device detected
[    3.244529] scsi4 : usb-storage 3-3:1.0
[    3.244570] usbcore: registered new interface driver usb-storage
[    3.401226] usb 3-10: new low-speed USB device number 4 using xhci_hcd
[    3.554040] EXT4-fs (sda1): mounted filesystem with ordered data mode. Opts: (null)
[    3.600240] usb 3-10: New USB device found, idVendor=03f0, idProduct=0024
[    3.600242] usb 3-10: New USB device strings: Mfr=1, Product=2, SerialNumber=0
[    3.600244] usb 3-10: Product: HP Basic USB Keyboard
[    3.600244] usb 3-10: Manufacturer: CHICONY
[    3.600343] usb 3-10: ep 0x81 - rounding interval to 64 microframes, ep desc says 80 microframes
[    3.608096] input: CHICONY HP Basic USB Keyboard as /devices/pci0000:00/0000:00:14.0/usb3/3-10/3-10:1.0/0003:03F0:0024.0002/input/input6
[    3.608249] hid-generic 0003:03F0:0024.0002: input,hidraw1: USB HID v1.11 Keyboard [CHICONY HP Basic USB Keyboard] on usb-0000:00:14.0-10/input0
[    3.677341] Switched to clocksource tsc
[    4.051155] random: nonblocking pool is initialized
[    4.243703] scsi 4:0:0:0: Direct-Access     Generic- Multi-Card       1.00 PQ: 0 ANSI: 4
[    4.243800] sd 4:0:0:0: Attached scsi generic sg1 type 0
[    4.247531] sd 4:0:0:0: [sdb] Attached SCSI removable disk
[    5.681422] init: plymouth-upstart-bridge main process (188) terminated with status 1
[    5.681429] init: plymouth-upstart-bridge main process ended, respawning
[    5.682759] init: plymouth-upstart-bridge main process (200) terminated with status 1
[    5.682766] init: plymouth-upstart-bridge main process ended, respawning
[    5.683683] init: plymouth-upstart-bridge main process (202) terminated with status 1
[    5.683689] init: plymouth-upstart-bridge main process ended, respawning
[    5.684902] init: plymouth-upstart-bridge main process (203) terminated with status 1
[    5.684910] init: plymouth-upstart-bridge main process ended, respawning
[    5.685788] init: plymouth-upstart-bridge main process (205) terminated with status 1
[    5.685793] init: plymouth-upstart-bridge main process ended, respawning
[    5.686810] init: plymouth-upstart-bridge main process (206) terminated with status 1
[    5.686816] init: plymouth-upstart-bridge main process ended, respawning
[    5.687755] init: plymouth-upstart-bridge main process (208) terminated with status 1
[    5.687760] init: plymouth-upstart-bridge main process ended, respawning
[    5.688879] init: plymouth-upstart-bridge main process (209) terminated with status 1
[    5.688886] init: plymouth-upstart-bridge main process ended, respawning
[    5.689930] init: plymouth-upstart-bridge main process (211) terminated with status 1
[    5.689936] init: plymouth-upstart-bridge main process ended, respawning
[    5.691060] init: plymouth-upstart-bridge main process (212) terminated with status 1
[    5.691067] init: plymouth-upstart-bridge main process ended, respawning
[    5.692110] init: plymouth-upstart-bridge main process (214) terminated with status 1
[    5.692115] init: plymouth-upstart-bridge respawning too fast, stopped
[   12.442600] Adding 4104188k swap on /dev/sda5.  Priority:-1 extents:1 across:4104188k FS
[   12.948004] systemd-udevd[364]: starting version 204
[   13.277497] wmi: Mapper loaded
[   13.327704] lp: driver loaded but no devices found
[   13.403814] ppdev: user-space parallel port driver
[   13.546069] parport_pc 00:0a: reported by Plug and Play ACPI
[   13.546123] parport0: PC-style at 0x378 (0x778), irq 7, dma 3 [PCSPP,TRISTATE,COMPAT,ECP,DMA]
[   13.633564] lp0: using parport0 (interrupt-driven).
[   13.685956] ACPI Warning: SystemIO range 0x0000000000001828-0x000000000000182F conflicts with OpRegion 0x0000000000001800-0x000000000000187F (\PMIO) (20131218/utaddress-254)
[   13.685962] ACPI: If an ACPI driver is available for this device, you should use it instead of the native driver
[   13.685966] ACPI Warning: SystemIO range 0x0000000000001C30-0x0000000000001C3F conflicts with OpRegion 0x0000000000001C00-0x0000000000001C3F (\GPRL) (20131218/utaddress-254)
[   13.685969] ACPI Warning: SystemIO range 0x0000000000001C30-0x0000000000001C3F conflicts with OpRegion 0x0000000000001C00-0x0000000000001FFF (\GPR_) (20131218/utaddress-254)
[   13.685973] ACPI: If an ACPI driver is available for this device, you should use it instead of the native driver
[   13.685974] ACPI Warning: SystemIO range 0x0000000000001C00-0x0000000000001C2F conflicts with OpRegion 0x0000000000001C00-0x0000000000001C3F (\GPRL) (20131218/utaddress-254)
[   13.685977] ACPI Warning: SystemIO range 0x0000000000001C00-0x0000000000001C2F conflicts with OpRegion 0x0000000000001C00-0x0000000000001FFF (\GPR_) (20131218/utaddress-254)
[   13.685980] ACPI: If an ACPI driver is available for this device, you should use it instead of the native driver
[   13.685981] lpc_ich: Resource conflict(s) found affecting gpio_ich
[   14.108051] device-mapper: multipath: version 1.6.0 loaded
[   14.335606] shpchp: Standard Hot Plug PCI Controller Driver version: 0.4
[   14.635577] mei_me 0000:00:16.0: irq 45 for MSI/MSI-X
[   14.743821] AVX2 version of gcm_enc/dec engaged.
[   15.241222] audit: type=1400 audit(1478071088.819:2): apparmor="STATUS" operation="profile_load" name="/sbin/dhclient" pid=507 comm="apparmor_parser"
[   15.241290] audit: type=1400 audit(1478071088.819:3): apparmor="STATUS" operation="profile_load" name="/usr/lib/NetworkManager/nm-dhcp-client.action" pid=507 comm="apparmor_parser"
[   15.241343] audit: type=1400 audit(1478071088.819:4): apparmor="STATUS" operation="profile_load" name="/usr/lib/connman/scripts/dhclient-script" pid=507 comm="apparmor_parser"
[   15.242255] audit: type=1400 audit(1478071088.823:5): apparmor="STATUS" operation="profile_replace" name="/sbin/dhclient" pid=506 comm="apparmor_parser"
[   15.242319] audit: type=1400 audit(1478071088.823:6): apparmor="STATUS" operation="profile_replace" name="/usr/lib/NetworkManager/nm-dhcp-client.action" pid=506 comm="apparmor_parser"
[   15.242384] audit: type=1400 audit(1478071088.823:7): apparmor="STATUS" operation="profile_replace" name="/usr/lib/connman/scripts/dhclient-script" pid=506 comm="apparmor_parser"
[   16.104116] [drm] Initialized drm 1.1.0 20060810
[   17.034376] init: Failed to obtain startpar-bridge instance: Unknown parameter: INSTANCE
[   17.583897] [drm] Memory usable by graphics device = 2048M
[   17.583901] checking generic (e0000000 500000) vs hw (e0000000 10000000)
[   17.583902] fb: conflicting fb hw usage inteldrmfb vs VESA VGA - removing generic driver
[   17.583926] Console: switching to colour dummy device 80x25
[   17.607127] i915 0000:00:02.0: irq 46 for MSI/MSI-X
[   17.607132] [drm] Supports vblank timestamp caching Rev 2 (21.10.2013).
[   17.607133] [drm] Driver supports precise vblank timestamp query.
[   17.607170] vgaarb: device changed decodes: PCI:0000:00:02.0,olddecodes=io+mem,decodes=io+mem:owns=io+mem
[   17.660854] fbcon: inteldrmfb (fb0) is primary device
[   17.839251] Console: switching to colour frame buffer device 160x64
[   17.841366] i915 0000:00:02.0: fb0: inteldrmfb frame buffer device
[   17.841368] i915 0000:00:02.0: registered panic notifier
[   17.843938] ACPI: Video Device [GFX0] (multi-head: yes  rom: no  post: no)
[   17.844194] acpi device:61: registered as cooling_device10
[   17.844239] input: Video Bus as /devices/LNXSYSTM:00/device:00/PNP0A08:00/LNXVIDEO:00/input/input7
[   17.844305] [drm] Initialized i915 1.6.0 20080730 for 0000:00:02.0 on minor 0
[   17.889638] snd_hda_intel 0000:00:03.0: irq 47 for MSI/MSI-X
[   17.889764] snd_hda_intel 0000:00:1b.0: irq 48 for MSI/MSI-X
[   18.827682] [drm] Enabling RC6 states: RC6 on, RC6p off, RC6pp off
[   20.189166] EXT4-fs (sda1): re-mounted. Opts: errors=remount-ro
[   20.389227] init: failsafe main process (798) killed by TERM signal
[   21.494260] gre: GRE over IPv4 demultiplexor driver
[   21.548058] audit: type=1400 audit(1478071095.123:8): apparmor="STATUS" operation="profile_load" name="/usr/lib/cups/backend/cups-pdf" pid=940 comm="apparmor_parser"
[   21.548311] audit: type=1400 audit(1478071095.123:9): apparmor="STATUS" operation="profile_load" name="/usr/sbin/cupsd" pid=940 comm="apparmor_parser"
[   22.101555] openvswitch: Open vSwitch switching datapath
[   22.147054] FS-Cache: Loaded
[   22.216778] init: avahi-cups-reload main process (936) terminated with status 1
[   22.373441] audit: type=1400 audit(1478071095.951:10): apparmor="STATUS" operation="profile_load" name="/usr/lib/libvirt/virt-aa-helper" pid=985 comm="apparmor_parser"
[   22.475487] audit: type=1400 audit(1478071096.051:11): apparmor="STATUS" operation="profile_load" name="/usr/lib/lightdm/lightdm-guest-session" pid=981 comm="apparmor_parser"
[   22.475618] audit: type=1400 audit(1478071096.051:12): apparmor="STATUS" operation="profile_load" name="chromium" pid=981 comm="apparmor_parser"
[   22.497197] RPC: Registered named UNIX socket transport module.
[   22.497201] RPC: Registered udp transport module.
[   22.497203] RPC: Registered tcp transport module.
[   22.497204] RPC: Registered tcp NFSv4.1 backchannel transport module.
[   22.511123] audit: type=1400 audit(1478071096.087:13): apparmor="STATUS" operation="profile_replace" name="/sbin/dhclient" pid=982 comm="apparmor_parser"
[   22.511249] audit: type=1400 audit(1478071096.087:14): apparmor="STATUS" operation="profile_replace" name="/usr/lib/NetworkManager/nm-dhcp-client.action" pid=982 comm="apparmor_parser"
[   22.511347] audit: type=1400 audit(1478071096.087:15): apparmor="STATUS" operation="profile_replace" name="/usr/lib/connman/scripts/dhclient-script" pid=982 comm="apparmor_parser"
[   22.514114] audit: type=1400 audit(1478071096.091:16): apparmor="STATUS" operation="profile_replace" name="/usr/lib/cups/backend/cups-pdf" pid=1006 comm="apparmor_parser"
[   22.514120] audit: type=1400 audit(1478071096.091:17): apparmor="STATUS" operation="profile_replace" name="/usr/sbin/cupsd" pid=1006 comm="apparmor_parser"
[   22.522582] Bluetooth: Core ver 2.18
[   22.522602] NET: Registered protocol family 31
[   22.522603] Bluetooth: HCI device and connection manager initialized
[   22.522612] Bluetooth: HCI socket layer initialized
[   22.522615] Bluetooth: L2CAP socket layer initialized
[   22.522624] Bluetooth: SCO socket layer initialized
[   23.148973] FS-Cache: Netfs 'nfs' registered for caching
[   23.168351] Bluetooth: RFCOMM TTY layer initialized
[   23.168362] Bluetooth: RFCOMM socket layer initialized
[   23.168367] Bluetooth: RFCOMM ver 1.11
[   23.307649] Bluetooth: BNEP (Ethernet Emulation) ver 1.3
[   23.307653] Bluetooth: BNEP filters: protocol multicast
[   23.307662] Bluetooth: BNEP socket layer initialized
[   23.521966] Installing knfsd (copyright (C) 1996 okir@monad.swb.de).
[   23.727702] r8169 0000:02:00.0 eth0: link down
[   23.727724] r8169 0000:02:00.0 eth0: link down
[   23.727757] IPv6: ADDRCONF(NETDEV_UP): eth0: link is not ready
[   23.727905] device ovs-system entered promiscuous mode
[   23.736695] device gb entered promiscuous mode
[   23.756577] device rb entered promiscuous mode
[   23.762348] device bb entered promiscuous mode
[   25.358373] r8169 0000:02:00.0 eth0: link up
[   25.358381] IPv6: ADDRCONF(NETDEV_CHANGE): eth0: link becomes ready
[   27.990914] Ebtables v2.0 registered
[   28.168254] ip_tables: (C) 2000-2006 Netfilter Core Team
[   28.357630] ip6_tables: (C) 2000-2006 Netfilter Core Team
[   30.431680] NOFEL: Assigned id: 1 
[   35.204074] Bridge firewalling registered
[   36.283510] nf_conntrack version 0.5.0 (16384 buckets, 65536 max)
[  143.829941] device rb left promiscuous mode
[  143.856422] device gb left promiscuous mode
[  143.877545] device bb left promiscuous mode
[  149.110887] device rb entered promiscuous mode
[  149.119630] device gb entered promiscuous mode
[  149.128170] device bb entered promiscuous mode
[  179.886459] NFS: Registering the id_resolver key type
[  179.886523] Key type id_resolver registered
[  179.886524] Key type id_legacy registered
[ 5757.643895] device rb left promiscuous mode
[ 5757.666600] device gb left promiscuous mode
[ 5757.690571] device bb left promiscuous mode
[ 5764.691204] device rb entered promiscuous mode
[ 5764.709896] device gb entered promiscuous mode
[ 5764.719262] device bb entered promiscuous mode
[ 5927.842718] audit_printk_skb: 48 callbacks suppressed
[ 5927.842721] audit: type=1400 audit(1478076998.694:34): apparmor="STATUS" operation="profile_load" name="libvirt-e8fa8243-14c9-80ad-e11a-cb9288d0ced1" pid=3096 comm="apparmor_parser"
[ 5927.897578] device vnet0 entered promiscuous mode
[ 5928.033784] device vnet1 entered promiscuous mode
[ 5928.097607] device vnet2 entered promiscuous mode
[ 5928.175813] NOFEL: Assigned id: 2 
[ 5928.373365] NOFEL in kvm_gen_update_masterclock by Id: 2
[ 5928.406910] NOFEL in kvm_gen_update_masterclock by Id: 2
[ 5928.406913] NOFEL in kvm_gen_kvmclock_update ID: 2
[ 5928.406914] NOFEL 2 ID: 2
[ 5928.646572] NOFEL in kvm_gen_kvmclock_update ID: 2
[ 5928.646576] NOFEL 2 ID: 2
[ 5928.725129] NOFEL in kvm_gen_kvmclock_update ID: 2
[ 5928.725132] NOFEL 2 ID: 2
[ 5930.901883] NOFEL in kvm_gen_kvmclock_update ID: 2
[ 5930.901887] NOFEL 2 ID: 2
[ 5930.902072] NOFEL in kvm_gen_kvmclock_update ID: 2
[ 5930.902075] NOFEL 2 ID: 2
[ 5930.968089] NOFEL in kvm_gen_kvmclock_update ID: 2
[ 5930.968093] NOFEL 2 ID: 2
[ 5930.968193] NOFEL in kvm_gen_kvmclock_update ID: 2
[ 5930.968195] NOFEL 2 ID: 2
[ 5930.968604] NOFEL in kvm_gen_kvmclock_update ID: 2
[ 5930.968606] NOFEL 2 ID: 2
[ 5930.968718] NOFEL in kvm_gen_kvmclock_update ID: 2
[ 5930.968720] NOFEL 2 ID: 2
[ 5930.968842] NOFEL in kvm_gen_kvmclock_update ID: 2
[ 5930.968843] NOFEL 2 ID: 2
[ 5930.986038] NOFEL in kvm_gen_kvmclock_update ID: 2
[ 5930.986042] NOFEL 2 ID: 2
[ 5930.986283] NOFEL in kvm_gen_kvmclock_update ID: 2
[ 5930.986285] NOFEL 2 ID: 2
[ 5930.986461] NOFEL in kvm_gen_kvmclock_update ID: 2
[ 5930.986463] NOFEL 2 ID: 2
[ 5930.997517] NOFEL in kvm_gen_kvmclock_update ID: 2
[ 5930.997521] NOFEL 2 ID: 2
[ 5930.997789] NOFEL in kvm_gen_kvmclock_update ID: 2
[ 5930.997791] NOFEL 2 ID: 2
[ 5930.997846] NOFEL in kvm_gen_kvmclock_update ID: 2
[ 5930.997847] NOFEL 2 ID: 2
[ 5931.025403] NOFEL in kvm_gen_kvmclock_update ID: 2
[ 5931.025407] NOFEL 2 ID: 2
[ 5931.026282] NOFEL in kvm_gen_kvmclock_update ID: 2
[ 5931.026286] NOFEL 2 ID: 2
[ 5931.061491] NOFEL in kvm_gen_kvmclock_update ID: 2
[ 5931.061495] NOFEL 2 ID: 2
[ 5931.061908] NOFEL in kvm_gen_kvmclock_update ID: 2
[ 5931.061910] NOFEL 2 ID: 2
[ 5931.062610] NOFEL in kvm_gen_kvmclock_update ID: 2
[ 5931.062613] NOFEL 2 ID: 2
[ 5931.062744] NOFEL in kvm_gen_kvmclock_update ID: 2
[ 5931.062746] NOFEL 2 ID: 2
[ 5931.063627] NOFEL in kvm_gen_kvmclock_update ID: 2
[ 5931.063630] NOFEL 2 ID: 2
[ 5931.064254] NOFEL in kvm_gen_kvmclock_update ID: 2
[ 5931.064256] NOFEL 2 ID: 2
[ 5931.152120] NOFEL in kvm_gen_kvmclock_update ID: 2
[ 5931.152124] NOFEL 2 ID: 2
[ 5931.158121] NOFEL in kvm_gen_kvmclock_update ID: 2
[ 5931.158124] NOFEL 2 ID: 2
[ 5931.158273] NOFEL in kvm_gen_kvmclock_update ID: 2
[ 5931.158275] NOFEL 2 ID: 2
[ 5931.160616] NOFEL in kvm_gen_kvmclock_update ID: 2
[ 5931.160622] NOFEL 2 ID: 2
[ 5931.161178] NOFEL in kvm_gen_kvmclock_update ID: 2
[ 5931.161182] NOFEL 2 ID: 2
[ 5931.161351] NOFEL in kvm_gen_kvmclock_update ID: 2
[ 5931.161353] NOFEL 2 ID: 2
[ 5931.162739] NOFEL in kvm_gen_kvmclock_update ID: 2
[ 5931.162742] NOFEL 2 ID: 2
[ 5931.162931] NOFEL in kvm_gen_kvmclock_update ID: 2
[ 5931.162933] NOFEL 2 ID: 2
[ 5931.163437] NOFEL in kvm_gen_kvmclock_update ID: 2
[ 5931.163439] NOFEL 2 ID: 2
[ 5931.164083] NOFEL in kvm_gen_kvmclock_update ID: 2
[ 5931.164085] NOFEL 2 ID: 2
[ 5931.169241] NOFEL in kvm_gen_kvmclock_update ID: 2
[ 5931.169244] NOFEL 2 ID: 2
[ 5931.172225] NOFEL in kvm_gen_kvmclock_update ID: 2
[ 5931.172227] NOFEL 2 ID: 2
[ 5931.173517] NOFEL in kvm_gen_kvmclock_update ID: 2
[ 5931.173519] NOFEL 2 ID: 2
[ 5931.180734] NOFEL in kvm_gen_kvmclock_update ID: 2
[ 5931.180739] NOFEL 2 ID: 2
[ 5931.180830] NOFEL in kvm_gen_kvmclock_update ID: 2
[ 5931.180833] NOFEL 2 ID: 2
[ 5931.182249] NOFEL in kvm_gen_kvmclock_update ID: 2
[ 5931.182252] NOFEL 2 ID: 2
[ 5931.186069] NOFEL in kvm_gen_kvmclock_update ID: 2
[ 5931.186072] NOFEL 2 ID: 2
[ 5931.187782] NOFEL in kvm_gen_kvmclock_update ID: 2
[ 5931.187784] NOFEL 2 ID: 2
[ 5931.187854] NOFEL in kvm_gen_kvmclock_update ID: 2
[ 5931.187856] NOFEL 2 ID: 2
[ 5931.187918] NOFEL in kvm_gen_kvmclock_update ID: 2
[ 5931.187920] NOFEL 2 ID: 2
[ 5931.187956] NOFEL in kvm_gen_kvmclock_update ID: 2
[ 5931.187957] NOFEL 2 ID: 2
[ 5931.188921] NOFEL in kvm_gen_kvmclock_update ID: 2
[ 5931.188923] NOFEL 2 ID: 2
[ 5931.190971] NOFEL in kvm_gen_kvmclock_update ID: 2
[ 5931.190973] NOFEL 2 ID: 2
[ 5931.193650] NOFEL in kvm_gen_kvmclock_update ID: 2
[ 5931.193652] NOFEL 2 ID: 2
[ 5931.195026] NOFEL in kvm_gen_kvmclock_update ID: 2
[ 5931.195029] NOFEL 2 ID: 2
[ 5931.196111] NOFEL in kvm_gen_kvmclock_update ID: 2
[ 5931.196114] NOFEL 2 ID: 2
[ 5931.198497] NOFEL in kvm_gen_kvmclock_update ID: 2
[ 5931.198502] NOFEL 2 ID: 2
[ 5931.201241] NOFEL in kvm_gen_kvmclock_update ID: 2
[ 5931.201246] NOFEL 2 ID: 2
[ 5931.204628] NOFEL in kvm_gen_kvmclock_update ID: 2
[ 5931.204631] NOFEL 2 ID: 2
[ 5931.206926] NOFEL in kvm_gen_kvmclock_update ID: 2
[ 5931.206929] NOFEL 2 ID: 2
[ 5931.206948] NOFEL in kvm_gen_kvmclock_update ID: 2
[ 5931.206950] NOFEL 2 ID: 2
[ 5931.207117] NOFEL in kvm_gen_kvmclock_update ID: 2
[ 5931.207118] NOFEL 2 ID: 2
[ 5931.207353] NOFEL in kvm_gen_kvmclock_update ID: 2
[ 5931.207355] NOFEL 2 ID: 2
[ 5931.209317] NOFEL in kvm_gen_kvmclock_update ID: 2
[ 5931.209321] NOFEL 2 ID: 2
[ 5931.210939] NOFEL in kvm_gen_kvmclock_update ID: 2
[ 5931.210941] NOFEL 2 ID: 2
[ 5931.212943] NOFEL in kvm_gen_kvmclock_update ID: 2
[ 5931.212946] NOFEL 2 ID: 2
[ 5931.218359] NOFEL in kvm_gen_kvmclock_update ID: 2
[ 5931.218362] NOFEL 2 ID: 2
[ 5931.218416] NOFEL in kvm_gen_kvmclock_update ID: 2
[ 5931.218418] NOFEL 2 ID: 2
[ 5931.218911] NOFEL in kvm_gen_kvmclock_update ID: 2
[ 5931.218913] NOFEL 2 ID: 2
[ 5931.218946] NOFEL in kvm_gen_kvmclock_update ID: 2
[ 5931.218948] NOFEL 2 ID: 2
[ 5931.219938] NOFEL in kvm_gen_kvmclock_update ID: 2
[ 5931.219940] NOFEL 2 ID: 2
[ 5931.220327] NOFEL in kvm_gen_kvmclock_update ID: 2
[ 5931.220329] NOFEL 2 ID: 2
[ 5931.220970] NOFEL in kvm_gen_kvmclock_update ID: 2
[ 5931.220973] NOFEL 2 ID: 2
[ 5931.222094] NOFEL in kvm_gen_kvmclock_update ID: 2
[ 5931.222096] NOFEL 2 ID: 2
[ 5931.223097] NOFEL in kvm_gen_kvmclock_update ID: 2
[ 5931.223099] NOFEL 2 ID: 2
[ 5931.223383] NOFEL in kvm_gen_kvmclock_update ID: 2
[ 5931.223385] NOFEL 2 ID: 2
[ 5931.224309] NOFEL in kvm_gen_kvmclock_update ID: 2
[ 5931.224312] NOFEL 2 ID: 2
[ 5931.224657] NOFEL in kvm_gen_kvmclock_update ID: 2
[ 5931.224666] NOFEL 2 ID: 2
[ 5931.227527] NOFEL in kvm_gen_kvmclock_update ID: 2
[ 5931.227530] NOFEL 2 ID: 2
[ 5931.228139] NOFEL in kvm_gen_kvmclock_update ID: 2
[ 5931.228141] NOFEL 2 ID: 2
[ 5931.228491] NOFEL in kvm_gen_kvmclock_update ID: 2
[ 5931.228493] NOFEL 2 ID: 2
[ 5931.229184] NOFEL in kvm_gen_kvmclock_update ID: 2
[ 5931.229186] NOFEL 2 ID: 2
[ 5931.229743] NOFEL in kvm_gen_kvmclock_update ID: 2
[ 5931.229744] NOFEL 2 ID: 2
[ 5931.229871] NOFEL in kvm_gen_kvmclock_update ID: 2
[ 5931.229872] NOFEL 2 ID: 2
[ 5931.231148] NOFEL in kvm_gen_kvmclock_update ID: 2
[ 5931.231150] NOFEL 2 ID: 2
[ 5931.234915] NOFEL in kvm_gen_kvmclock_update ID: 2
[ 5931.234918] NOFEL 2 ID: 2
[ 5931.236092] NOFEL in kvm_gen_kvmclock_update ID: 2
[ 5931.236095] NOFEL 2 ID: 2
[ 5931.237592] NOFEL in kvm_gen_kvmclock_update ID: 2
[ 5931.237593] NOFEL 2 ID: 2
[ 5931.238448] NOFEL in kvm_gen_kvmclock_update ID: 2
[ 5931.238450] NOFEL 2 ID: 2
[ 5931.239115] NOFEL in kvm_gen_kvmclock_update ID: 2
[ 5931.239116] NOFEL 2 ID: 2
[ 5931.239343] NOFEL in kvm_gen_kvmclock_update ID: 2
[ 5931.239345] NOFEL 2 ID: 2
[ 5931.239452] NOFEL in kvm_gen_kvmclock_update ID: 2
[ 5931.239453] NOFEL 2 ID: 2
[ 5931.240096] NOFEL in kvm_gen_kvmclock_update ID: 2
[ 5931.240098] NOFEL 2 ID: 2
[ 5931.241564] NOFEL in kvm_gen_kvmclock_update ID: 2
[ 5931.241574] NOFEL 2 ID: 2
[ 5931.243887] NOFEL in kvm_gen_kvmclock_update ID: 2
[ 5931.243891] NOFEL 2 ID: 2
[ 5931.249022] NOFEL in kvm_gen_kvmclock_update ID: 2
[ 5931.249025] NOFEL 2 ID: 2
[ 5931.249044] NOFEL in kvm_gen_kvmclock_update ID: 2
[ 5931.249046] NOFEL 2 ID: 2
[ 5931.249747] NOFEL in kvm_gen_kvmclock_update ID: 2
[ 5931.249748] NOFEL 2 ID: 2
[ 5931.249800] NOFEL in kvm_gen_kvmclock_update ID: 2
[ 5931.249802] NOFEL 2 ID: 2
[ 5931.249906] NOFEL in kvm_gen_kvmclock_update ID: 2
[ 5931.249907] NOFEL 2 ID: 2
[ 5931.449301] NOFEL in kvm_gen_kvmclock_update ID: 2
[ 5931.449305] NOFEL: Inside time update function with id: 2
[ 5931.452080] NOFEL in kvm_gen_kvmclock_update ID: 2
[ 5931.452082] NOFEL: Inside time update function with id: 2
[ 5931.565310] NOFEL in kvm_gen_kvmclock_update ID: 2
[ 5931.565314] NOFEL: Inside time update function with id: 2
[ 5931.597316] kvm [3146]: vcpu0 disabled perfctr wrmsr: 0xc2 data 0xffff
[ 5931.600794] kvm [3146]: vcpu0 unhandled rdmsr: 0x570
[ 5931.689993] NOFEL in kvm_gen_kvmclock_update ID: 2
[ 5931.689997] NOFEL: Inside time update function with id: 2
[ 5931.691870] NOFEL in kvm_gen_kvmclock_update ID: 2
[ 5931.691873] NOFEL: Inside time update function with id: 2
[ 5932.156388] NOFEL in kvm_gen_kvmclock_update ID: 2
[ 5932.156393] NOFEL: Inside time update function with id: 2
[ 5932.220454] NOFEL in kvm_gen_kvmclock_update ID: 2
[ 5932.220458] NOFEL: Inside time update function with id: 2
[ 5932.276664] NOFEL in kvm_gen_kvmclock_update ID: 2
[ 5932.276669] NOFEL: Inside time update function with id: 2
[ 5932.330626] NOFEL in kvm_gen_kvmclock_update ID: 2
[ 5932.330630] NOFEL: Inside time update function with id: 2
[ 5932.336512] NOFEL in kvm_gen_kvmclock_update ID: 2
[ 5932.336517] NOFEL: Inside time update function with id: 2
[ 5932.356682] NOFEL in kvm_gen_kvmclock_update ID: 2
[ 5932.356685] NOFEL: Inside time update function with id: 2
[ 5932.396527] NOFEL in kvm_gen_kvmclock_update ID: 2
[ 5932.396531] NOFEL: Inside time update function with id: 2
[ 5932.419296] NOFEL in kvm_gen_kvmclock_update ID: 2
[ 5932.419300] NOFEL: Inside time update function with id: 2
[ 5932.423298] NOFEL in kvm_gen_kvmclock_update ID: 2
[ 5932.423302] NOFEL: Inside time update function with id: 2
[ 5932.472563] NOFEL in kvm_gen_kvmclock_update ID: 2
[ 5932.472566] NOFEL: Inside time update function with id: 2
[ 5932.538050] NOFEL in kvm_gen_kvmclock_update ID: 2
[ 5932.538054] NOFEL: Inside time update function with id: 2
[ 5932.538485] NOFEL in kvm_gen_kvmclock_update ID: 2
[ 5932.538487] NOFEL: Inside time update function with id: 2
[ 5932.538690] NOFEL in kvm_gen_kvmclock_update ID: 2
[ 5932.538691] NOFEL: Inside time update function with id: 2
[ 5932.540054] NOFEL in kvm_gen_kvmclock_update ID: 2
[ 5932.540056] NOFEL: Inside time update function with id: 2
[ 5932.540499] NOFEL in kvm_gen_kvmclock_update ID: 2
[ 5932.540501] NOFEL: Inside time update function with id: 2
[ 5932.540651] NOFEL in kvm_gen_kvmclock_update ID: 2
[ 5932.540652] NOFEL: Inside time update function with id: 2
[ 5932.540701] NOFEL in kvm_gen_kvmclock_update ID: 2
[ 5932.540703] NOFEL: Inside time update function with id: 2
[ 5932.541200] NOFEL in kvm_gen_kvmclock_update ID: 2
[ 5932.541202] NOFEL: Inside time update function with id: 2
[ 5932.541262] NOFEL in kvm_gen_kvmclock_update ID: 2
[ 5932.541264] NOFEL: Inside time update function with id: 2
[ 5932.541324] NOFEL in kvm_gen_kvmclock_update ID: 2
[ 5932.541326] NOFEL: Inside time update function with id: 2
[ 5932.541372] NOFEL in kvm_gen_kvmclock_update ID: 2
[ 5932.541374] NOFEL: Inside time update function with id: 2
[ 5932.542582] NOFEL in kvm_gen_kvmclock_update ID: 2
[ 5932.542584] NOFEL: Inside time update function with id: 2
[ 5932.542712] NOFEL in kvm_gen_kvmclock_update ID: 2
[ 5932.542713] NOFEL: Inside time update function with id: 2
[ 5932.549935] NOFEL in kvm_gen_kvmclock_update ID: 2
[ 5932.549938] NOFEL: Inside time update function with id: 2
[ 5932.596611] NOFEL in kvm_gen_kvmclock_update ID: 2
[ 5932.596615] NOFEL: Inside time update function with id: 2
[ 5932.600612] NOFEL in kvm_gen_kvmclock_update ID: 2
[ 5932.600615] NOFEL: Inside time update function with id: 2
[ 5932.612043] NOFEL in kvm_gen_kvmclock_update ID: 2
[ 5932.612047] NOFEL: Inside time update function with id: 2
[ 5932.619702] NOFEL in kvm_gen_kvmclock_update ID: 2
[ 5932.619705] NOFEL: Inside time update function with id: 2
[ 5932.704655] NOFEL in kvm_gen_kvmclock_update ID: 2
[ 5932.704658] NOFEL: Inside time update function with id: 2
[ 5932.741437] NOFEL in kvm_gen_kvmclock_update ID: 2
[ 5932.741443] NOFEL: Inside time update function with id: 2
[ 5932.758564] NOFEL in kvm_gen_kvmclock_update ID: 2
[ 5932.758568] NOFEL: Inside time update function with id: 2
[ 5932.760631] NOFEL in kvm_gen_kvmclock_update ID: 2
[ 5932.760633] NOFEL: Inside time update function with id: 2
[ 5932.796725] NOFEL in kvm_gen_kvmclock_update ID: 2
[ 5932.796737] NOFEL: Inside time update function with id: 2
[ 5932.802769] NOFEL in kvm_gen_kvmclock_update ID: 2
[ 5932.802772] NOFEL: Inside time update function with id: 2
[ 5932.824884] NOFEL in kvm_gen_kvmclock_update ID: 2
[ 5932.824887] NOFEL: Inside time update function with id: 2
[ 5932.828701] NOFEL in kvm_gen_kvmclock_update ID: 2
[ 5932.828703] NOFEL: Inside time update function with id: 2
[ 5932.881282] NOFEL in kvm_gen_kvmclock_update ID: 2
[ 5932.881286] NOFEL: Inside time update function with id: 2
[ 5932.932750] NOFEL in kvm_gen_kvmclock_update ID: 2
[ 5932.932754] NOFEL: Inside time update function with id: 2
[ 5932.945698] NOFEL in kvm_gen_kvmclock_update ID: 2
[ 5932.945701] NOFEL: Inside time update function with id: 2
[ 5932.965300] NOFEL in kvm_gen_kvmclock_update ID: 2
[ 5932.965304] NOFEL: Inside time update function with id: 2
[ 5932.996792] NOFEL in kvm_gen_kvmclock_update ID: 2
[ 5932.996795] NOFEL: Inside time update function with id: 2
[ 5933.041233] NOFEL in kvm_gen_kvmclock_update ID: 2
[ 5933.041238] NOFEL: Inside time update function with id: 2
[ 5933.041496] NOFEL in kvm_gen_kvmclock_update ID: 2
[ 5933.041498] NOFEL: Inside time update function with id: 2
[ 5933.044791] NOFEL in kvm_gen_kvmclock_update ID: 2
[ 5933.044794] NOFEL: Inside time update function with id: 2
[ 5933.065370] NOFEL in kvm_gen_kvmclock_update ID: 2
[ 5933.065375] NOFEL: Inside time update function with id: 2
[ 5933.065665] NOFEL in kvm_gen_kvmclock_update ID: 2
[ 5933.065668] NOFEL: Inside time update function with id: 2
[ 5933.065821] NOFEL in kvm_gen_kvmclock_update ID: 2
[ 5933.065823] NOFEL: Inside time update function with id: 2
[ 5933.075874] NOFEL in kvm_gen_kvmclock_update ID: 2
[ 5933.075878] NOFEL: Inside time update function with id: 2
[ 5933.082631] NOFEL in kvm_gen_kvmclock_update ID: 2
[ 5933.082635] NOFEL: Inside time update function with id: 2
[ 5933.082660] NOFEL in kvm_gen_kvmclock_update ID: 2
[ 5933.082662] NOFEL: Inside time update function with id: 2
[ 5933.082708] NOFEL in kvm_gen_kvmclock_update ID: 2
[ 5933.082709] NOFEL: Inside time update function with id: 2
[ 5933.099749] NOFEL in kvm_gen_kvmclock_update ID: 2
[ 5933.099753] NOFEL: Inside time update function with id: 2
[ 5933.100133] NOFEL in kvm_gen_kvmclock_update ID: 2
[ 5933.100135] NOFEL: Inside time update function with id: 2
[ 5933.109984] NOFEL in kvm_gen_kvmclock_update ID: 2
[ 5933.109988] NOFEL: Inside time update function with id: 2
[ 5933.135773] NOFEL in kvm_gen_kvmclock_update ID: 2
[ 5933.135777] NOFEL: Inside time update function with id: 2
[ 5933.136050] NOFEL in kvm_gen_kvmclock_update ID: 2
[ 5933.136052] NOFEL: Inside time update function with id: 2
[ 5933.136462] NOFEL in kvm_gen_kvmclock_update ID: 2
[ 5933.136464] NOFEL: Inside time update function with id: 2
[ 5933.136736] NOFEL in kvm_gen_kvmclock_update ID: 2
[ 5933.136737] NOFEL: Inside time update function with id: 2
[ 5933.180889] NOFEL in kvm_gen_kvmclock_update ID: 2
[ 5933.180900] NOFEL: Inside time update function with id: 2
[ 5933.196917] NOFEL in kvm_gen_kvmclock_update ID: 2
[ 5933.196931] NOFEL: Inside time update function with id: 2
[ 5933.312939] NOFEL in kvm_gen_kvmclock_update ID: 2
[ 5933.312944] NOFEL: Inside time update function with id: 2
[ 5933.314768] NOFEL in kvm_gen_kvmclock_update ID: 2
[ 5933.314773] NOFEL: Inside time update function with id: 2
[ 5933.396950] NOFEL in kvm_gen_kvmclock_update ID: 2
[ 5933.396954] NOFEL: Inside time update function with id: 2
[ 5933.399068] NOFEL in kvm_gen_kvmclock_update ID: 2
[ 5933.399070] NOFEL: Inside time update function with id: 2
[ 5933.480708] NOFEL in kvm_gen_kvmclock_update ID: 2
[ 5933.480715] NOFEL: Inside time update function with id: 2
[ 5933.681627] NOFEL in kvm_gen_kvmclock_update ID: 2
[ 5933.681633] NOFEL: Inside time update function with id: 2
[ 5933.682594] NOFEL in kvm_gen_kvmclock_update ID: 2
[ 5933.682596] NOFEL: Inside time update function with id: 2
[ 5933.683609] NOFEL in kvm_gen_kvmclock_update ID: 2
[ 5933.683612] NOFEL: Inside time update function with id: 2
[ 5933.684630] NOFEL in kvm_gen_kvmclock_update ID: 2
[ 5933.684632] NOFEL: Inside time update function with id: 2
[ 5933.690061] NOFEL in kvm_gen_kvmclock_update ID: 2
[ 5933.690064] NOFEL: Inside time update function with id: 2
[ 5933.691078] NOFEL in kvm_gen_kvmclock_update ID: 2
[ 5933.691080] NOFEL: Inside time update function with id: 2
[ 5933.713580] NOFEL in kvm_gen_kvmclock_update ID: 2
[ 5933.713585] NOFEL: Inside time update function with id: 2
[ 5933.724852] NOFEL in kvm_gen_kvmclock_update ID: 2
[ 5933.724855] NOFEL: Inside time update function with id: 2
[ 5933.729078] NOFEL in kvm_gen_kvmclock_update ID: 2
[ 5933.729084] NOFEL: Inside time update function with id: 2
[ 5933.732867] NOFEL in kvm_gen_kvmclock_update ID: 2
[ 5933.732870] NOFEL: Inside time update function with id: 2
[ 5933.735329] NOFEL in kvm_gen_kvmclock_update ID: 2
[ 5933.735332] NOFEL: Inside time update function with id: 2
[ 5933.738381] NOFEL in kvm_gen_kvmclock_update ID: 2
[ 5933.738384] NOFEL: Inside time update function with id: 2
[ 5933.753224] NOFEL in kvm_gen_kvmclock_update ID: 2
[ 5933.753227] NOFEL: Inside time update function with id: 2
[ 5933.771159] NOFEL in kvm_gen_kvmclock_update ID: 2
[ 5933.771162] NOFEL: Inside time update function with id: 2
[ 5933.797119] NOFEL in kvm_gen_kvmclock_update ID: 2
[ 5933.797126] NOFEL: Inside time update function with id: 2
[ 5933.801111] NOFEL in kvm_gen_kvmclock_update ID: 2
[ 5933.801113] NOFEL: Inside time update function with id: 2
[ 5933.813117] NOFEL in kvm_gen_kvmclock_update ID: 2
[ 5933.813121] NOFEL: Inside time update function with id: 2
[ 5933.813817] NOFEL in kvm_gen_kvmclock_update ID: 2
[ 5933.813821] NOFEL: Inside time update function with id: 2
[ 5933.817081] NOFEL in kvm_gen_kvmclock_update ID: 2
[ 5933.817084] NOFEL: Inside time update function with id: 2
[ 5933.821121] NOFEL in kvm_gen_kvmclock_update ID: 2
[ 5933.821128] NOFEL: Inside time update function with id: 2
[ 5933.825130] NOFEL in kvm_gen_kvmclock_update ID: 2
[ 5933.825132] NOFEL: Inside time update function with id: 2
[ 5933.825575] NOFEL in kvm_gen_kvmclock_update ID: 2
[ 5933.825576] NOFEL: Inside time update function with id: 2
[ 5933.827611] NOFEL in kvm_gen_kvmclock_update ID: 2
[ 5933.827613] NOFEL: Inside time update function with id: 2
[ 5933.830728] NOFEL in kvm_gen_kvmclock_update ID: 2
[ 5933.830735] NOFEL: Inside time update function with id: 2
[ 5933.984539] NOFEL in kvm_gen_kvmclock_update ID: 2
[ 5933.984543] NOFEL: Inside time update function with id: 2
[ 5933.997211] NOFEL in kvm_gen_kvmclock_update ID: 2
[ 5933.997218] NOFEL: Inside time update function with id: 2
[ 5934.001195] NOFEL in kvm_gen_kvmclock_update ID: 2
[ 5934.001197] NOFEL: Inside time update function with id: 2
[ 5934.013201] NOFEL in kvm_gen_kvmclock_update ID: 2
[ 5934.013205] NOFEL: Inside time update function with id: 2
[ 5934.063949] NOFEL in kvm_gen_kvmclock_update ID: 2
[ 5934.063953] NOFEL: Inside time update function with id: 2
[ 5934.064389] NOFEL in kvm_gen_kvmclock_update ID: 2
[ 5934.064391] NOFEL: Inside time update function with id: 2
[ 5934.079574] NOFEL in kvm_gen_kvmclock_update ID: 2
[ 5934.079578] NOFEL: Inside time update function with id: 2
[ 5934.085228] NOFEL in kvm_gen_kvmclock_update ID: 2
[ 5934.085231] NOFEL: Inside time update function with id: 2
[ 5934.097239] NOFEL in kvm_gen_kvmclock_update ID: 2
[ 5934.097244] NOFEL: Inside time update function with id: 2
[ 5934.101190] NOFEL in kvm_gen_kvmclock_update ID: 2
[ 5934.101192] NOFEL: Inside time update function with id: 2
[ 5934.113244] NOFEL in kvm_gen_kvmclock_update ID: 2
[ 5934.113247] NOFEL: Inside time update function with id: 2
[ 5934.213285] NOFEL in kvm_gen_kvmclock_update ID: 2
[ 5934.213289] NOFEL: Inside time update function with id: 2
[ 5934.215785] NOFEL in kvm_gen_kvmclock_update ID: 2
[ 5934.215787] NOFEL: Inside time update function with id: 2
[ 5934.217282] NOFEL in kvm_gen_kvmclock_update ID: 2
[ 5934.217284] NOFEL: Inside time update function with id: 2
[ 5934.229286] NOFEL in kvm_gen_kvmclock_update ID: 2
[ 5934.229288] NOFEL: Inside time update function with id: 2
[ 5934.232035] NOFEL in kvm_gen_kvmclock_update ID: 2
[ 5934.232038] NOFEL: Inside time update function with id: 2
[ 5934.309470] NOFEL in kvm_gen_kvmclock_update ID: 2
[ 5934.309475] NOFEL: Inside time update function with id: 2
[ 5934.313472] NOFEL in kvm_gen_kvmclock_update ID: 2
[ 5934.313477] NOFEL: Inside time update function with id: 2
[ 5934.319646] NOFEL in kvm_gen_kvmclock_update ID: 2
[ 5934.319650] NOFEL: Inside time update function with id: 2
[ 5934.330727] NOFEL in kvm_gen_kvmclock_update ID: 2
[ 5934.330732] NOFEL: Inside time update function with id: 2
[ 5934.338604] NOFEL in kvm_gen_kvmclock_update ID: 2
[ 5934.338606] NOFEL: Inside time update function with id: 2
[ 5934.413380] NOFEL in kvm_gen_kvmclock_update ID: 2
[ 5934.413386] NOFEL: Inside time update function with id: 2
[ 5934.447535] NOFEL in kvm_gen_kvmclock_update ID: 2
[ 5934.447541] NOFEL: Inside time update function with id: 2
[ 5934.485050] NOFEL in kvm_gen_kvmclock_update ID: 2
[ 5934.485054] NOFEL: Inside time update function with id: 2
[ 5934.491756] NOFEL in kvm_gen_kvmclock_update ID: 2
[ 5934.491759] NOFEL: Inside time update function with id: 2
[ 5934.497027] NOFEL in kvm_gen_kvmclock_update ID: 2
[ 5934.497032] NOFEL: Inside time update function with id: 2
[ 5934.501403] NOFEL in kvm_gen_kvmclock_update ID: 2
[ 5934.501406] NOFEL: Inside time update function with id: 2
[ 5934.502445] NOFEL in kvm_gen_kvmclock_update ID: 2
[ 5934.502447] NOFEL: Inside time update function with id: 2
[ 5934.579380] NOFEL in kvm_gen_kvmclock_update ID: 2
[ 5934.579384] NOFEL: Inside time update function with id: 2
[ 5934.589519] NOFEL in kvm_gen_kvmclock_update ID: 2
[ 5934.589522] NOFEL: Inside time update function with id: 2
[ 5934.646257] NOFEL in kvm_gen_kvmclock_update ID: 2
[ 5934.646262] NOFEL: Inside time update function with id: 2
[ 5934.662748] NOFEL in kvm_gen_kvmclock_update ID: 2
[ 5934.662751] NOFEL: Inside time update function with id: 2
[ 5934.665469] NOFEL in kvm_gen_kvmclock_update ID: 2
[ 5934.665472] NOFEL: Inside time update function with id: 2
[ 5934.679594] NOFEL in kvm_gen_kvmclock_update ID: 2
[ 5934.679597] NOFEL: Inside time update function with id: 2
[ 5934.681094] NOFEL in kvm_gen_kvmclock_update ID: 2
[ 5934.681099] NOFEL: Inside time update function with id: 2
[ 5934.681479] NOFEL in kvm_gen_kvmclock_update ID: 2
[ 5934.681481] NOFEL: Inside time update function with id: 2
[ 5934.682960] NOFEL in kvm_gen_kvmclock_update ID: 2
[ 5934.682962] NOFEL: Inside time update function with id: 2
[ 5934.690542] NOFEL in kvm_gen_kvmclock_update ID: 2
[ 5934.690544] NOFEL: Inside time update function with id: 2
[ 5934.724112] NOFEL in kvm_gen_kvmclock_update ID: 2
[ 5934.724116] NOFEL: Inside time update function with id: 2
[ 5934.725494] NOFEL in kvm_gen_kvmclock_update ID: 2
[ 5934.725497] NOFEL: Inside time update function with id: 2
[ 5934.728739] NOFEL in kvm_gen_kvmclock_update ID: 2
[ 5934.728741] NOFEL: Inside time update function with id: 2
[ 5934.729499] NOFEL in kvm_gen_kvmclock_update ID: 2
[ 5934.729501] NOFEL: Inside time update function with id: 2
[ 5934.813535] NOFEL in kvm_gen_kvmclock_update ID: 2
[ 5934.813539] NOFEL: Inside time update function with id: 2
[ 5934.817535] NOFEL in kvm_gen_kvmclock_update ID: 2
[ 5934.817537] NOFEL: Inside time update function with id: 2
[ 5934.821118] NOFEL in kvm_gen_kvmclock_update ID: 2
[ 5934.821120] NOFEL: Inside time update function with id: 2
[ 5934.846369] NOFEL in kvm_gen_kvmclock_update ID: 2
[ 5934.846374] NOFEL: Inside time update function with id: 2
[ 5934.847308] NOFEL in kvm_gen_kvmclock_update ID: 2
[ 5934.847312] NOFEL: Inside time update function with id: 2
[ 5934.849546] NOFEL in kvm_gen_kvmclock_update ID: 2
[ 5934.849548] NOFEL: Inside time update function with id: 2
[ 5934.852058] NOFEL in kvm_gen_kvmclock_update ID: 2
[ 5934.852059] NOFEL: Inside time update function with id: 2
[ 5934.863901] NOFEL in kvm_gen_kvmclock_update ID: 2
[ 5934.863907] NOFEL: Inside time update function with id: 2
[ 5934.907057] NOFEL in kvm_gen_kvmclock_update ID: 2
[ 5934.907060] NOFEL: Inside time update function with id: 2
[ 5934.909569] NOFEL in kvm_gen_kvmclock_update ID: 2
[ 5934.909571] NOFEL: Inside time update function with id: 2
[ 5934.938721] NOFEL in kvm_gen_kvmclock_update ID: 2
[ 5934.938724] NOFEL: Inside time update function with id: 2
[ 5934.939404] NOFEL in kvm_gen_kvmclock_update ID: 2
[ 5934.939406] NOFEL: Inside time update function with id: 2
[ 5934.940663] NOFEL in kvm_gen_kvmclock_update ID: 2
[ 5934.940664] NOFEL: Inside time update function with id: 2
[ 5935.005613] NOFEL in kvm_gen_kvmclock_update ID: 2
[ 5935.005616] NOFEL: Inside time update function with id: 2
[ 5935.013621] NOFEL in kvm_gen_kvmclock_update ID: 2
[ 5935.013625] NOFEL: Inside time update function with id: 2
[ 5935.027817] NOFEL in kvm_gen_kvmclock_update ID: 2
[ 5935.027819] NOFEL: Inside time update function with id: 2
[ 5935.046885] NOFEL in kvm_gen_kvmclock_update ID: 2
[ 5935.046891] NOFEL: Inside time update function with id: 2
[ 5935.049632] NOFEL in kvm_gen_kvmclock_update ID: 2
[ 5935.049635] NOFEL: Inside time update function with id: 2
[ 5935.052205] NOFEL in kvm_gen_kvmclock_update ID: 2
[ 5935.052207] NOFEL: Inside time update function with id: 2
[ 5935.063448] NOFEL in kvm_gen_kvmclock_update ID: 2
[ 5935.063455] NOFEL: Inside time update function with id: 2
[ 5935.063923] NOFEL in kvm_gen_kvmclock_update ID: 2
[ 5935.063928] NOFEL: Inside time update function with id: 2
[ 5935.113663] NOFEL in kvm_gen_kvmclock_update ID: 2
[ 5935.113667] NOFEL: Inside time update function with id: 2
[ 5935.116135] NOFEL in kvm_gen_kvmclock_update ID: 2
[ 5935.116138] NOFEL: Inside time update function with id: 2
[ 5935.141721] NOFEL in kvm_gen_kvmclock_update ID: 2
[ 5935.141725] NOFEL: Inside time update function with id: 2
[ 5935.209803] NOFEL in kvm_gen_kvmclock_update ID: 2
[ 5935.209807] NOFEL: Inside time update function with id: 2
[ 5935.230318] NOFEL in kvm_gen_kvmclock_update ID: 2
[ 5935.230322] NOFEL: Inside time update function with id: 2
[ 5935.233707] NOFEL in kvm_gen_kvmclock_update ID: 2
[ 5935.233709] NOFEL: Inside time update function with id: 2
[ 5935.252658] NOFEL in kvm_gen_kvmclock_update ID: 2
[ 5935.252661] NOFEL: Inside time update function with id: 2
[ 5935.297747] NOFEL in kvm_gen_kvmclock_update ID: 2
[ 5935.297753] NOFEL: Inside time update function with id: 2
[ 5935.298607] NOFEL in kvm_gen_kvmclock_update ID: 2
[ 5935.298611] NOFEL: Inside time update function with id: 2
[ 5935.419680] NOFEL in kvm_gen_kvmclock_update ID: 2
[ 5935.419684] NOFEL: Inside time update function with id: 2
[ 5935.421786] NOFEL in kvm_gen_kvmclock_update ID: 2
[ 5935.421788] NOFEL: Inside time update function with id: 2
[ 5935.480961] NOFEL in kvm_gen_kvmclock_update ID: 2
[ 5935.480968] NOFEL: Inside time update function with id: 2
[ 5935.507519] NOFEL in kvm_gen_kvmclock_update ID: 2
[ 5935.507522] NOFEL: Inside time update function with id: 2
[ 5935.510426] NOFEL in kvm_gen_kvmclock_update ID: 2
[ 5935.510428] NOFEL: Inside time update function with id: 2
[ 5935.513832] NOFEL in kvm_gen_kvmclock_update ID: 2
[ 5935.513839] NOFEL: Inside time update function with id: 2
[ 5935.516094] NOFEL in kvm_gen_kvmclock_update ID: 2
[ 5935.516097] NOFEL: Inside time update function with id: 2
[ 5935.529834] NOFEL in kvm_gen_kvmclock_update ID: 2
[ 5935.529838] NOFEL: Inside time update function with id: 2
[ 5935.533396] NOFEL in kvm_gen_kvmclock_update ID: 2
[ 5935.533399] NOFEL: Inside time update function with id: 2
[ 5935.564043] NOFEL in kvm_gen_kvmclock_update ID: 2
[ 5935.564048] NOFEL: Inside time update function with id: 2
[ 5935.597871] NOFEL in kvm_gen_kvmclock_update ID: 2
[ 5935.597878] NOFEL: Inside time update function with id: 2
[ 5935.605867] NOFEL in kvm_gen_kvmclock_update ID: 2
[ 5935.605870] NOFEL: Inside time update function with id: 2
[ 5935.613389] NOFEL in kvm_gen_kvmclock_update ID: 2
[ 5935.613394] NOFEL: Inside time update function with id: 2
[ 5935.617823] NOFEL in kvm_gen_kvmclock_update ID: 2
[ 5935.617825] NOFEL: Inside time update function with id: 2
[ 5935.635785] NOFEL in kvm_gen_kvmclock_update ID: 2
[ 5935.635788] NOFEL: Inside time update function with id: 2
[ 5935.729916] NOFEL in kvm_gen_kvmclock_update ID: 2
[ 5935.729920] NOFEL: Inside time update function with id: 2
[ 5935.737919] NOFEL in kvm_gen_kvmclock_update ID: 2
[ 5935.737922] NOFEL: Inside time update function with id: 2
[ 5935.745926] NOFEL in kvm_gen_kvmclock_update ID: 2
[ 5935.745933] NOFEL: Inside time update function with id: 2
[ 5935.914005] NOFEL in kvm_gen_kvmclock_update ID: 2
[ 5935.914011] NOFEL: Inside time update function with id: 2
[ 5935.930000] NOFEL in kvm_gen_kvmclock_update ID: 2
[ 5935.930004] NOFEL: Inside time update function with id: 2
[ 5936.014045] NOFEL in kvm_gen_kvmclock_update ID: 2
[ 5936.014051] NOFEL: Inside time update function with id: 2
[ 5936.030041] NOFEL in kvm_gen_kvmclock_update ID: 2
[ 5936.030046] NOFEL: Inside time update function with id: 2
[ 5936.079326] NOFEL in kvm_gen_kvmclock_update ID: 2
[ 5936.079329] NOFEL: Inside time update function with id: 2
[ 5936.084684] NOFEL in kvm_gen_kvmclock_update ID: 2
[ 5936.084687] NOFEL: Inside time update function with id: 2
[ 5936.163277] NOFEL in kvm_gen_kvmclock_update ID: 2
[ 5936.163282] NOFEL: Inside time update function with id: 2
[ 5936.206114] NOFEL in kvm_gen_kvmclock_update ID: 2
[ 5936.206118] NOFEL: Inside time update function with id: 2
[ 5936.330168] NOFEL in kvm_gen_kvmclock_update ID: 2
[ 5936.330172] NOFEL: Inside time update function with id: 2
[ 5936.334170] NOFEL in kvm_gen_kvmclock_update ID: 2
[ 5936.334172] NOFEL: Inside time update function with id: 2
[ 5936.414213] NOFEL in kvm_gen_kvmclock_update ID: 2
[ 5936.414220] NOFEL: Inside time update function with id: 2
[ 5936.463201] NOFEL in kvm_gen_kvmclock_update ID: 2
[ 5936.463205] NOFEL: Inside time update function with id: 2
[ 5936.481297] NOFEL in kvm_gen_kvmclock_update ID: 2
[ 5936.481302] NOFEL: Inside time update function with id: 2
[ 5936.515839] NOFEL in kvm_gen_kvmclock_update ID: 2
[ 5936.515852] NOFEL: Inside time update function with id: 2
[ 5936.630299] NOFEL in kvm_gen_kvmclock_update ID: 2
[ 5936.630303] NOFEL: Inside time update function with id: 2
[ 5936.634297] NOFEL in kvm_gen_kvmclock_update ID: 2
[ 5936.634300] NOFEL: Inside time update function with id: 2
[ 5936.663384] NOFEL in kvm_gen_kvmclock_update ID: 2
[ 5936.663388] NOFEL: Inside time update function with id: 2
[ 5936.666308] NOFEL in kvm_gen_kvmclock_update ID: 2
[ 5936.666311] NOFEL: Inside time update function with id: 2
[ 5936.671884] NOFEL in kvm_gen_kvmclock_update ID: 2
[ 5936.671886] NOFEL: Inside time update function with id: 2
[ 5937.192290] kvm [3146]: vcpu0 unhandled rdmsr: 0xd90
[ 5937.352398] NOFEL in kvm_gen_kvmclock_update ID: 2
[ 5937.352402] NOFEL: Inside time update function with id: 2
[ 5937.530976] NOFEL in kvm_gen_kvmclock_update ID: 2
[ 5937.530980] NOFEL: Inside time update function with id: 2
[ 5938.202953] NOFEL in kvm_gen_kvmclock_update ID: 2
[ 5938.202957] NOFEL: Inside time update function with id: 2
[ 5938.212236] NOFEL in kvm_gen_kvmclock_update ID: 2
[ 5938.212238] NOFEL: Inside time update function with id: 2
[ 5938.464840] NOFEL in kvm_gen_kvmclock_update ID: 2
[ 5938.464845] NOFEL: Inside time update function with id: 2
[ 5938.467055] NOFEL in kvm_gen_kvmclock_update ID: 2
[ 5938.467057] NOFEL: Inside time update function with id: 2
[ 5938.751724] NOFEL in kvm_gen_kvmclock_update ID: 2
[ 5938.751727] NOFEL: Inside time update function with id: 2
[ 5938.832891] NOFEL in kvm_gen_kvmclock_update ID: 2
[ 5938.832894] NOFEL: Inside time update function with id: 2
[ 5940.579990] NOFEL in kvm_gen_kvmclock_update ID: 2
[ 5940.580000] NOFEL: Inside time update function with id: 2
[ 5940.583992] NOFEL in kvm_gen_kvmclock_update ID: 2
[ 5940.583999] NOFEL: Inside time update function with id: 2
[ 5940.587962] NOFEL in kvm_gen_kvmclock_update ID: 2
[ 5940.587967] NOFEL: Inside time update function with id: 2
[ 5941.080159] NOFEL in kvm_gen_kvmclock_update ID: 2
[ 5941.080163] NOFEL: Inside time update function with id: 2
[ 5942.396744] NOFEL in kvm_gen_kvmclock_update ID: 2
[ 5942.396751] NOFEL: Inside time update function with id: 2
[ 5942.413433] NOFEL in kvm_gen_kvmclock_update ID: 2
[ 5942.413439] NOFEL: Inside time update function with id: 2
[ 5943.080997] NOFEL in kvm_gen_kvmclock_update ID: 2
[ 5943.081003] NOFEL: Inside time update function with id: 2
[ 5943.929342] NOFEL in kvm_gen_kvmclock_update ID: 2
[ 5943.929345] NOFEL: Inside time update function with id: 2
[ 5944.030039] NOFEL in kvm_gen_kvmclock_update ID: 2
[ 5944.030042] NOFEL: Inside time update function with id: 2
[ 5944.080059] NOFEL in kvm_gen_kvmclock_update ID: 2
[ 5944.080062] NOFEL: Inside time update function with id: 2
[ 5944.130080] NOFEL in kvm_gen_kvmclock_update ID: 2
[ 5944.130083] NOFEL: Inside time update function with id: 2
[ 5944.330131] NOFEL in kvm_gen_kvmclock_update ID: 2
[ 5944.330136] NOFEL: Inside time update function with id: 2
[ 5944.397539] NOFEL in kvm_gen_kvmclock_update ID: 2
[ 5944.397543] NOFEL: Inside time update function with id: 2
[ 5944.530218] NOFEL in kvm_gen_kvmclock_update ID: 2
[ 5944.530225] NOFEL: Inside time update function with id: 2
[ 5944.580195] NOFEL in kvm_gen_kvmclock_update ID: 2
[ 5944.580200] NOFEL: Inside time update function with id: 2
[ 5944.581628] NOFEL in kvm_gen_kvmclock_update ID: 2
[ 5944.581636] NOFEL: Inside time update function with id: 2
[ 5944.680264] NOFEL in kvm_gen_kvmclock_update ID: 2
[ 5944.680270] NOFEL: Inside time update function with id: 2
[ 5944.755343] NOFEL in kvm_gen_kvmclock_update ID: 2
[ 5944.755346] NOFEL: Inside time update function with id: 2
[ 5944.780003] NOFEL in kvm_gen_kvmclock_update ID: 2
[ 5944.780006] NOFEL: Inside time update function with id: 2
[ 5944.830373] NOFEL in kvm_gen_kvmclock_update ID: 2
[ 5944.830377] NOFEL: Inside time update function with id: 2
[ 5945.027536] NOFEL in kvm_gen_kvmclock_update ID: 2
[ 5945.027541] NOFEL: Inside time update function with id: 2
[ 5945.330528] NOFEL in kvm_gen_kvmclock_update ID: 2
[ 5945.330533] NOFEL: Inside time update function with id: 2
[ 5945.380538] NOFEL in kvm_gen_kvmclock_update ID: 2
[ 5945.380542] NOFEL: Inside time update function with id: 2
[ 5945.480577] NOFEL in kvm_gen_kvmclock_update ID: 2
[ 5945.480583] NOFEL: Inside time update function with id: 2
[ 5945.780700] NOFEL in kvm_gen_kvmclock_update ID: 2
[ 5945.780704] NOFEL: Inside time update function with id: 2
[ 5945.836805] NOFEL in kvm_gen_kvmclock_update ID: 2
[ 5945.836808] NOFEL: Inside time update function with id: 2
[ 5946.130303] NOFEL in kvm_gen_kvmclock_update ID: 2
[ 5946.130306] NOFEL: Inside time update function with id: 2
[ 5946.130834] NOFEL in kvm_gen_kvmclock_update ID: 2
[ 5946.130836] NOFEL: Inside time update function with id: 2
[ 5946.280901] NOFEL in kvm_gen_kvmclock_update ID: 2
[ 5946.280906] NOFEL: Inside time update function with id: 2
[ 5946.703749] NOFEL in kvm_gen_kvmclock_update ID: 2
[ 5946.703756] NOFEL: Inside time update function with id: 2
[ 5946.717147] NOFEL in kvm_gen_kvmclock_update ID: 2
[ 5946.717152] NOFEL: Inside time update function with id: 2
[ 5946.755063] NOFEL in kvm_gen_kvmclock_update ID: 2
[ 5946.755068] NOFEL: Inside time update function with id: 2
[ 5946.781189] NOFEL in kvm_gen_kvmclock_update ID: 2
[ 5946.781194] NOFEL: Inside time update function with id: 2
[ 5947.030636] NOFEL in kvm_gen_kvmclock_update ID: 2
[ 5947.030641] NOFEL: Inside time update function with id: 2
[ 5947.330317] NOFEL in kvm_gen_kvmclock_update ID: 2
[ 5947.330320] NOFEL: Inside time update function with id: 2
[ 5947.380326] NOFEL in kvm_gen_kvmclock_update ID: 2
[ 5947.380331] NOFEL: Inside time update function with id: 2
[ 5947.430377] NOFEL in kvm_gen_kvmclock_update ID: 2
[ 5947.430388] NOFEL: Inside time update function with id: 2
[ 5947.831547] NOFEL in kvm_gen_kvmclock_update ID: 2
[ 5947.831552] NOFEL: Inside time update function with id: 2
[ 5947.880543] NOFEL in kvm_gen_kvmclock_update ID: 2
[ 5947.880546] NOFEL: Inside time update function with id: 2
[ 5947.881656] NOFEL in kvm_gen_kvmclock_update ID: 2
[ 5947.881661] NOFEL: Inside time update function with id: 2
[ 5948.131092] NOFEL in kvm_gen_kvmclock_update ID: 2
[ 5948.131096] NOFEL: Inside time update function with id: 2
[ 5948.131670] NOFEL in kvm_gen_kvmclock_update ID: 2
[ 5948.131674] NOFEL: Inside time update function with id: 2
[ 5948.131749] NOFEL in kvm_gen_kvmclock_update ID: 2
[ 5948.131751] NOFEL: Inside time update function with id: 2
[ 5948.207121] NOFEL in kvm_gen_kvmclock_update ID: 2
[ 5948.207124] NOFEL: Inside time update function with id: 2
[ 5948.247151] NOFEL in kvm_gen_kvmclock_update ID: 2
[ 5948.247154] NOFEL: Inside time update function with id: 2
[ 5948.730912] NOFEL in kvm_gen_kvmclock_update ID: 2
[ 5948.730917] NOFEL: Inside time update function with id: 2
[ 5948.731364] NOFEL in kvm_gen_kvmclock_update ID: 2
[ 5948.731371] NOFEL: Inside time update function with id: 2
[ 5948.780932] NOFEL in kvm_gen_kvmclock_update ID: 2
[ 5948.780938] NOFEL: Inside time update function with id: 2
[ 5948.830954] NOFEL in kvm_gen_kvmclock_update ID: 2
[ 5948.830960] NOFEL: Inside time update function with id: 2
[ 5948.831972] NOFEL in kvm_gen_kvmclock_update ID: 2
[ 5948.831977] NOFEL: Inside time update function with id: 2
[ 5948.931428] NOFEL in kvm_gen_kvmclock_update ID: 2
[ 5948.931431] NOFEL: Inside time update function with id: 2
[ 5948.980994] NOFEL in kvm_gen_kvmclock_update ID: 2
[ 5948.981000] NOFEL: Inside time update function with id: 2
[ 5949.032094] NOFEL in kvm_gen_kvmclock_update ID: 2
[ 5949.032102] NOFEL: Inside time update function with id: 2
[ 5949.781328] NOFEL in kvm_gen_kvmclock_update ID: 2
[ 5949.781331] NOFEL: Inside time update function with id: 2
[ 5949.837400] NOFEL in kvm_gen_kvmclock_update ID: 2
[ 5949.837403] NOFEL: Inside time update function with id: 2
[ 5949.839802] NOFEL in kvm_gen_kvmclock_update ID: 2
[ 5949.839803] NOFEL: Inside time update function with id: 2
[ 5950.231516] NOFEL in kvm_gen_kvmclock_update ID: 2
[ 5950.231520] NOFEL: Inside time update function with id: 2
[ 5950.381580] NOFEL in kvm_gen_kvmclock_update ID: 2
[ 5950.381584] NOFEL: Inside time update function with id: 2
[ 5950.431599] NOFEL in kvm_gen_kvmclock_update ID: 2
[ 5950.431603] NOFEL: Inside time update function with id: 2
[ 5950.581662] NOFEL in kvm_gen_kvmclock_update ID: 2
[ 5950.581666] NOFEL: Inside time update function with id: 2
[ 5951.131926] NOFEL in kvm_gen_kvmclock_update ID: 2
[ 5951.131933] NOFEL: Inside time update function with id: 2
[ 5951.132363] NOFEL in kvm_gen_kvmclock_update ID: 2
[ 5951.132371] NOFEL: Inside time update function with id: 2
[ 5951.181919] NOFEL in kvm_gen_kvmclock_update ID: 2
[ 5951.181927] NOFEL: Inside time update function with id: 2
[ 5951.632115] NOFEL in kvm_gen_kvmclock_update ID: 2
[ 5951.632123] NOFEL: Inside time update function with id: 2
[ 5951.682169] NOFEL in kvm_gen_kvmclock_update ID: 2
[ 5951.682178] NOFEL: Inside time update function with id: 2
[ 5951.757151] NOFEL in kvm_gen_kvmclock_update ID: 2
[ 5951.757154] NOFEL: Inside time update function with id: 2
[ 5951.758184] NOFEL in kvm_gen_kvmclock_update ID: 2
[ 5951.758187] NOFEL: Inside time update function with id: 2
[ 5951.832188] NOFEL in kvm_gen_kvmclock_update ID: 2
[ 5951.832194] NOFEL: Inside time update function with id: 2
[ 5952.032278] NOFEL in kvm_gen_kvmclock_update ID: 2
[ 5952.032286] NOFEL: Inside time update function with id: 2
[ 5954.108131] NOFEL in kvm_gen_kvmclock_update ID: 2
[ 5954.108134] NOFEL: Inside time update function with id: 2
[ 5954.181622] NOFEL in kvm_gen_kvmclock_update ID: 2
[ 5954.181627] NOFEL: Inside time update function with id: 2
[ 5954.497773] NOFEL in kvm_gen_kvmclock_update ID: 2
[ 5954.497777] NOFEL: Inside time update function with id: 2
[ 5954.633382] NOFEL in kvm_gen_kvmclock_update ID: 2
[ 5954.633393] NOFEL: Inside time update function with id: 2
[ 5954.997970] NOFEL in kvm_gen_kvmclock_update ID: 2
[ 5954.997973] NOFEL: Inside time update function with id: 2
[ 5955.758843] NOFEL in kvm_gen_kvmclock_update ID: 2
[ 5955.758847] NOFEL: Inside time update function with id: 2
[ 5955.998405] NOFEL in kvm_gen_kvmclock_update ID: 2
